Archive member included to satisfy reference by file (symbol)

/opt/stm32cubeide/plugins/com.st.stm32cube.ide.mcu.externaltools.gnu-tools-for-stm32.7-2018-q2-update.linux64_1.5.0.202011040924/tools/bin/../lib/gcc/arm-none-eabi/7.3.1/../../../../arm-none-eabi/lib/thumb/v7e-m/fpv4-sp/hard/libc_nano.a(lib_a-errno.o)
                              Core/Src/syscalls.o (__errno)
/opt/stm32cubeide/plugins/com.st.stm32cube.ide.mcu.externaltools.gnu-tools-for-stm32.7-2018-q2-update.linux64_1.5.0.202011040924/tools/bin/../lib/gcc/arm-none-eabi/7.3.1/../../../../arm-none-eabi/lib/thumb/v7e-m/fpv4-sp/hard/libc_nano.a(lib_a-exit.o)
                              /opt/stm32cubeide/plugins/com.st.stm32cube.ide.mcu.externaltools.gnu-tools-for-stm32.7-2018-q2-update.linux64_1.5.0.202011040924/tools/bin/../lib/gcc/arm-none-eabi/7.3.1/../../../../arm-none-eabi/lib/thumb/v7e-m/fpv4-sp/hard/crt0.o (exit)
/opt/stm32cubeide/plugins/com.st.stm32cube.ide.mcu.externaltools.gnu-tools-for-stm32.7-2018-q2-update.linux64_1.5.0.202011040924/tools/bin/../lib/gcc/arm-none-eabi/7.3.1/../../../../arm-none-eabi/lib/thumb/v7e-m/fpv4-sp/hard/libc_nano.a(lib_a-impure.o)
                              /opt/stm32cubeide/plugins/com.st.stm32cube.ide.mcu.externaltools.gnu-tools-for-stm32.7-2018-q2-update.linux64_1.5.0.202011040924/tools/bin/../lib/gcc/arm-none-eabi/7.3.1/../../../../arm-none-eabi/lib/thumb/v7e-m/fpv4-sp/hard/libc_nano.a(lib_a-exit.o) (_global_impure_ptr)
/opt/stm32cubeide/plugins/com.st.stm32cube.ide.mcu.externaltools.gnu-tools-for-stm32.7-2018-q2-update.linux64_1.5.0.202011040924/tools/bin/../lib/gcc/arm-none-eabi/7.3.1/../../../../arm-none-eabi/lib/thumb/v7e-m/fpv4-sp/hard/libc_nano.a(lib_a-init.o)
                              /opt/stm32cubeide/plugins/com.st.stm32cube.ide.mcu.externaltools.gnu-tools-for-stm32.7-2018-q2-update.linux64_1.5.0.202011040924/tools/bin/../lib/gcc/arm-none-eabi/7.3.1/../../../../arm-none-eabi/lib/thumb/v7e-m/fpv4-sp/hard/crt0.o (__libc_init_array)
/opt/stm32cubeide/plugins/com.st.stm32cube.ide.mcu.externaltools.gnu-tools-for-stm32.7-2018-q2-update.linux64_1.5.0.202011040924/tools/bin/../lib/gcc/arm-none-eabi/7.3.1/../../../../arm-none-eabi/lib/thumb/v7e-m/fpv4-sp/hard/libc_nano.a(lib_a-memset.o)
                              /opt/stm32cubeide/plugins/com.st.stm32cube.ide.mcu.externaltools.gnu-tools-for-stm32.7-2018-q2-update.linux64_1.5.0.202011040924/tools/bin/../lib/gcc/arm-none-eabi/7.3.1/../../../../arm-none-eabi/lib/thumb/v7e-m/fpv4-sp/hard/crt0.o (memset)
/opt/stm32cubeide/plugins/com.st.stm32cube.ide.mcu.externaltools.gnu-tools-for-stm32.7-2018-q2-update.linux64_1.5.0.202011040924/tools/bin/../lib/gcc/arm-none-eabi/7.3.1/thumb/v7e-m/fpv4-sp/hard/libgcc.a(_aeabi_uldivmod.o)
                              Drivers/STM32F4xx_HAL_Driver/Src/stm32f4xx_hal_rcc.o (__aeabi_uldivmod)
/opt/stm32cubeide/plugins/com.st.stm32cube.ide.mcu.externaltools.gnu-tools-for-stm32.7-2018-q2-update.linux64_1.5.0.202011040924/tools/bin/../lib/gcc/arm-none-eabi/7.3.1/thumb/v7e-m/fpv4-sp/hard/libgcc.a(_udivmoddi4.o)
                              /opt/stm32cubeide/plugins/com.st.stm32cube.ide.mcu.externaltools.gnu-tools-for-stm32.7-2018-q2-update.linux64_1.5.0.202011040924/tools/bin/../lib/gcc/arm-none-eabi/7.3.1/thumb/v7e-m/fpv4-sp/hard/libgcc.a(_aeabi_uldivmod.o) (__udivmoddi4)
/opt/stm32cubeide/plugins/com.st.stm32cube.ide.mcu.externaltools.gnu-tools-for-stm32.7-2018-q2-update.linux64_1.5.0.202011040924/tools/bin/../lib/gcc/arm-none-eabi/7.3.1/thumb/v7e-m/fpv4-sp/hard/libgcc.a(_dvmd_tls.o)
                              /opt/stm32cubeide/plugins/com.st.stm32cube.ide.mcu.externaltools.gnu-tools-for-stm32.7-2018-q2-update.linux64_1.5.0.202011040924/tools/bin/../lib/gcc/arm-none-eabi/7.3.1/thumb/v7e-m/fpv4-sp/hard/libgcc.a(_aeabi_uldivmod.o) (__aeabi_ldiv0)

Allocating common symbols
Common symbol       size              file

hspi2               0x58              Core/Src/spi.o
sector_data         0x1000            Core/Src/main.o
uwTick              0x4               Drivers/STM32F4xx_HAL_Driver/Src/stm32f4xx_hal.o
pFlash              0x20              Drivers/STM32F4xx_HAL_Driver/Src/stm32f4xx_hal_flash.o
errorCount          0x4               Core/Src/main.o

Discarded input sections

 .group         0x0000000000000000        0xc Core/Src/Dev_Inf.o
 .group         0x0000000000000000        0xc Core/Src/Dev_Inf.o
 .group         0x0000000000000000        0xc Core/Src/Dev_Inf.o
 .group         0x0000000000000000        0xc Core/Src/Dev_Inf.o
 .group         0x0000000000000000        0xc Core/Src/Dev_Inf.o
 .group         0x0000000000000000        0xc Core/Src/Dev_Inf.o
 .group         0x0000000000000000        0xc Core/Src/Dev_Inf.o
 .group         0x0000000000000000        0xc Core/Src/Dev_Inf.o
 .group         0x0000000000000000        0xc Core/Src/Dev_Inf.o
 .group         0x0000000000000000        0xc Core/Src/Dev_Inf.o
 .group         0x0000000000000000        0xc Core/Src/Dev_Inf.o
[...]
Memory Configuration

Name             Origin             Length             Attributes
RAM              0x0000000020000004 0x0000000000020000 xrw
*default*        0x0000000000000000 0xffffffffffffffff

Linker script and memory map

LOAD /opt/stm32cubeide/plugins/com.st.stm32cube.ide.mcu.externaltools.gnu-tools-for-stm32.7-2018-q2-update.linux64_1.5.0.202011040924/tools/bin/../lib/gcc/arm-none-eabi/7.3.1/thumb/v7e-m/fpv4-sp/hard/crti.o
LOAD /opt/stm32cubeide/plugins/com.st.stm32cube.ide.mcu.externaltools.gnu-tools-for-stm32.7-2018-q2-update.linux64_1.5.0.202011040924/tools/bin/../lib/gcc/arm-none-eabi/7.3.1/thumb/v7e-m/fpv4-sp/hard/crtbegin.o
LOAD /opt/stm32cubeide/plugins/com.st.stm32cube.ide.mcu.externaltools.gnu-tools-for-stm32.7-2018-q2-update.linux64_1.5.0.202011040924/tools/bin/../lib/gcc/arm-none-eabi/7.3.1/../../../../arm-none-eabi/lib/thumb/v7e-m/fpv4-sp/hard/crt0.o
LOAD Core/Src/Dev_Inf.o
LOAD Core/Src/Loader_Src.o
LOAD Core/Src/gpio.o
LOAD Core/Src/image_test.o
LOAD Core/Src/main.o
LOAD Core/Src/spi.o
LOAD Core/Src/stm32_spi_flash.o
LOAD Core/Src/stm32f4xx_hal_msp.o
LOAD Core/Src/stm32f4xx_it.o
LOAD Core/Src/syscalls.o
LOAD Core/Src/sysmem.o
LOAD Core/Src/system_stm32f4xx.o
LOAD Core/Startup/startup_stm32f446retx.o
LOAD Drivers/STM32F4xx_HAL_Driver/Src/stm32f4xx_hal.o
LOAD Drivers/STM32F4xx_HAL_Driver/Src/stm32f4xx_hal_cortex.o
LOAD Drivers/STM32F4xx_HAL_Driver/Src/stm32f4xx_hal_dma.o
LOAD Drivers/STM32F4xx_HAL_Driver/Src/stm32f4xx_hal_dma_ex.o
LOAD Drivers/STM32F4xx_HAL_Driver/Src/stm32f4xx_hal_exti.o
LOAD Drivers/STM32F4xx_HAL_Driver/Src/stm32f4xx_hal_flash.o
LOAD Drivers/STM32F4xx_HAL_Driver/Src/stm32f4xx_hal_flash_ex.o
LOAD Drivers/STM32F4xx_HAL_Driver/Src/stm32f4xx_hal_flash_ramfunc.o
LOAD Drivers/STM32F4xx_HAL_Driver/Src/stm32f4xx_hal_gpio.o
LOAD Drivers/STM32F4xx_HAL_Driver/Src/stm32f4xx_hal_pwr.o
LOAD Drivers/STM32F4xx_HAL_Driver/Src/stm32f4xx_hal_pwr_ex.o
LOAD Drivers/STM32F4xx_HAL_Driver/Src/stm32f4xx_hal_rcc.o
LOAD Drivers/STM32F4xx_HAL_Driver/Src/stm32f4xx_hal_rcc_ex.o
LOAD Drivers/STM32F4xx_HAL_Driver/Src/stm32f4xx_hal_spi.o
LOAD Drivers/STM32F4xx_HAL_Driver/Src/stm32f4xx_hal_tim.o
LOAD Drivers/STM32F4xx_HAL_Driver/Src/stm32f4xx_hal_tim_ex.o
START GROUP
LOAD /opt/stm32cubeide/plugins/com.st.stm32cube.ide.mcu.externaltools.gnu-tools-for-stm32.7-2018-q2-update.linux64_1.5.0.202011040924/tools/bin/../lib/gcc/arm-none-eabi/7.3.1/../../../../arm-none-eabi/lib/thumb/v7e-m/fpv4-sp/hard/libc_nano.a
LOAD /opt/stm32cubeide/plugins/com.st.stm32cube.ide.mcu.externaltools.gnu-tools-for-stm32.7-2018-q2-update.linux64_1.5.0.202011040924/tools/bin/../lib/gcc/arm-none-eabi/7.3.1/../../../../arm-none-eabi/lib/thumb/v7e-m/fpv4-sp/hard/libm.a
END GROUP
START GROUP
LOAD /opt/stm32cubeide/plugins/com.st.stm32cube.ide.mcu.externaltools.gnu-tools-for-stm32.7-2018-q2-update.linux64_1.5.0.202011040924/tools/bin/../lib/gcc/arm-none-eabi/7.3.1/thumb/v7e-m/fpv4-sp/hard/libgcc.a
LOAD /opt/stm32cubeide/plugins/com.st.stm32cube.ide.mcu.externaltools.gnu-tools-for-stm32.7-2018-q2-update.linux64_1.5.0.202011040924/tools/bin/../lib/gcc/arm-none-eabi/7.3.1/../../../../arm-none-eabi/lib/thumb/v7e-m/fpv4-sp/hard/libc_nano.a
END GROUP
START GROUP
LOAD /opt/stm32cubeide/plugins/com.st.stm32cube.ide.mcu.externaltools.gnu-tools-for-stm32.7-2018-q2-update.linux64_1.5.0.202011040924/tools/bin/../lib/gcc/arm-none-eabi/7.3.1/thumb/v7e-m/fpv4-sp/hard/libgcc.a
LOAD /opt/stm32cubeide/plugins/com.st.stm32cube.ide.mcu.externaltools.gnu-tools-for-stm32.7-2018-q2-update.linux64_1.5.0.202011040924/tools/bin/../lib/gcc/arm-none-eabi/7.3.1/../../../../arm-none-eabi/lib/thumb/v7e-m/fpv4-sp/hard/libc_nano.a
LOAD /opt/stm32cubeide/plugins/com.st.stm32cube.ide.mcu.externaltools.gnu-tools-for-stm32.7-2018-q2-update.linux64_1.5.0.202011040924/tools/bin/../lib/gcc/arm-none-eabi/7.3.1/../../../../arm-none-eabi/lib/thumb/v7e-m/fpv4-sp/hard/libnosys.a
END GROUP
START GROUP
LOAD /opt/stm32cubeide/plugins/com.st.stm32cube.ide.mcu.externaltools.gnu-tools-for-stm32.7-2018-q2-update.linux64_1.5.0.202011040924/tools/bin/../lib/gcc/arm-none-eabi/7.3.1/thumb/v7e-m/fpv4-sp/hard/libgcc.a
LOAD /opt/stm32cubeide/plugins/com.st.stm32cube.ide.mcu.externaltools.gnu-tools-for-stm32.7-2018-q2-update.linux64_1.5.0.202011040924/tools/bin/../lib/gcc/arm-none-eabi/7.3.1/../../../../arm-none-eabi/lib/thumb/v7e-m/fpv4-sp/hard/libc_nano.a
LOAD /opt/stm32cubeide/plugins/com.st.stm32cube.ide.mcu.externaltools.gnu-tools-for-stm32.7-2018-q2-update.linux64_1.5.0.202011040924/tools/bin/../lib/gcc/arm-none-eabi/7.3.1/../../../../arm-none-eabi/lib/thumb/v7e-m/fpv4-sp/hard/libnosys.a
END GROUP
LOAD /opt/stm32cubeide/plugins/com.st.stm32cube.ide.mcu.externaltools.gnu-tools-for-stm32.7-2018-q2-update.linux64_1.5.0.202011040924/tools/bin/../lib/gcc/arm-none-eabi/7.3.1/thumb/v7e-m/fpv4-sp/hard/crtend.o
LOAD /opt/stm32cubeide/plugins/com.st.stm32cube.ide.mcu.externaltools.gnu-tools-for-stm32.7-2018-q2-update.linux64_1.5.0.202011040924/tools/bin/../lib/gcc/arm-none-eabi/7.3.1/thumb/v7e-m/fpv4-sp/hard/crtn.o
                0x0000000020020004                _estack = (ORIGIN (RAM) + LENGTH (RAM))
                0x0000000000000200                _Min_Heap_Size = 0x200
                0x0000000000000400                _Min_Stack_Size = 0x400

.isr_vector     0x0000000020000004      0x3c0
                0x0000000020000200                . = (. + 0x1fc)
 *fill*         0x0000000020000004      0x1fc 
                0x0000000020000200                . = ALIGN (0x4)
 *(.isr_vector)
 .isr_vector    0x0000000020000200      0x1c4 Core/Startup/startup_stm32f446retx.o
                0x0000000020000200                g_pfnVectors
                0x00000000200003c4                . = ALIGN (0x4)

.ARM.extab      0x00000000200003c4        0x0
 *(.ARM.extab* .gnu.linkonce.armextab.*)
 .ARM.extab     0x00000000200003c4        0x0 /opt/stm32cubeide/plugins/com.st.stm32cube.ide.mcu.externaltools.gnu-tools-for-stm32.7-2018-q2-update.linux64_1.5.0.202011040924/tools/bin/../lib/gcc/arm-none-eabi/7.3.1/../../../../arm-none-eabi/lib/thumb/v7e-m/fpv4-sp/hard/crt0.o
 .ARM.extab     0x00000000200003c4        0x0 /opt/stm32cubeide/plugins/com.st.stm32cube.ide.mcu.externaltools.gnu-tools-for-stm32.7-2018-q2-update.linux64_1.5.0.202011040924/tools/bin/../lib/gcc/arm-none-eabi/7.3.1/thumb/v7e-m/fpv4-sp/hard/libgcc.a(_udivmoddi4.o)

.ARM            0x00000000200003c4        0x8
                0x00000000200003c4                __exidx_start = .
 *(.ARM.exidx*)
 .ARM.exidx     0x00000000200003c4        0x8 /opt/stm32cubeide/plugins/com.st.stm32cube.ide.mcu.externaltools.gnu-tools-for-stm32.7-2018-q2-update.linux64_1.5.0.202011040924/tools/bin/../lib/gcc/arm-none-eabi/7.3.1/../../../../arm-none-eabi/lib/thumb/v7e-m/fpv4-sp/hard/crt0.o
 .ARM.exidx     0x00000000200003cc        0x0 /opt/stm32cubeide/plugins/com.st.stm32cube.ide.mcu.externaltools.gnu-tools-for-stm32.7-2018-q2-update.linux64_1.5.0.202011040924/tools/bin/../lib/gcc/arm-none-eabi/7.3.1/thumb/v7e-m/fpv4-sp/hard/libgcc.a(_udivmoddi4.o)
                                          0x8 (size before relaxing)
                0x00000000200003cc                __exidx_end = .

.preinit_array  0x00000000200003cc        0x0
                0x00000000200003cc                PROVIDE (__preinit_array_start = .)
 *(.preinit_array*)
                0x00000000200003cc                PROVIDE (__preinit_array_end = .)

.init_array     0x00000000200003cc        0x4
                0x00000000200003cc                PROVIDE (__init_array_start = .)
 *(SORT_BY_NAME(.init_array.*))
 *(.init_array*)
 .init_array    0x00000000200003cc        0x4 /opt/stm32cubeide/plugins/com.st.stm32cube.ide.mcu.externaltools.gnu-tools-for-stm32.7-2018-q2-update.linux64_1.5.0.202011040924/tools/bin/../lib/gcc/arm-none-eabi/7.3.1/thumb/v7e-m/fpv4-sp/hard/crtbegin.o
                0x00000000200003d0                PROVIDE (__init_array_end = .)

.fini_array     0x00000000200003d0        0x4
                [!provide]                        PROVIDE (__fini_array_start = .)
 *(SORT_BY_NAME(.fini_array.*))
 *(.fini_array*)
 .fini_array    0x00000000200003d0        0x4 /opt/stm32cubeide/plugins/com.st.stm32cube.ide.mcu.externaltools.gnu-tools-for-stm32.7-2018-q2-update.linux64_1.5.0.202011040924/tools/bin/../lib/gcc/arm-none-eabi/7.3.1/thumb/v7e-m/fpv4-sp/hard/crtbegin.o
                [!provide]                        PROVIDE (__fini_array_end = .)
                0x00000000200003d4                _sidata = LOADADDR (.data)

.data           0x00000000200003d4     0xe178
                0x00000000200003d4                . = ALIGN (0x4)
                0x00000000200003d4                _sdata = .
 *(.data)
 .data          0x00000000200003d4        0x0 /opt/stm32cubeide/plugins/com.st.stm32cube.ide.mcu.externaltools.gnu-tools-for-stm32.7-2018-q2-update.linux64_1.5.0.202011040924/tools/bin/../lib/gcc/arm-none-eabi/7.3.1/thumb/v7e-m/fpv4-sp/hard/crti.o
 .data          0x00000000200003d4        0x4 /opt/stm32cubeide/plugins/com.st.stm32cube.ide.mcu.externaltools.gnu-tools-for-stm32.7-2018-q2-update.linux64_1.5.0.202011040924/tools/bin/../lib/gcc/arm-none-eabi/7.3.1/thumb/v7e-m/fpv4-sp/hard/crtbegin.o
                0x00000000200003d4                __dso_handle
 .data          0x00000000200003d8        0x0 /opt/stm32cubeide/plugins/com.st.stm32cube.ide.mcu.externaltools.gnu-tools-for-stm32.7-2018-q2-update.linux64_1.5.0.202011040924/tools/bin/../lib/gcc/arm-none-eabi/7.3.1/../../../../arm-none-eabi/lib/thumb/v7e-m/fpv4-sp/hard/crt0.o
 .data          0x00000000200003d8        0x0 Core/Src/Dev_Inf.o
 .data          0x00000000200003d8        0x0 Core/Src/Loader_Src.o
 .data          0x00000000200003d8        0x0 Core/Src/gpio.o
 .data          0x00000000200003d8        0x0 Core/Src/image_test.o
 .data          0x00000000200003d8        0x0 Core/Src/main.o
 .data          0x00000000200003d8        0x0 Core/Src/spi.o
 .data          0x00000000200003d8        0x0 Core/Src/stm32_spi_flash.o
 .data          0x00000000200003d8        0x0 Core/Src/stm32f4xx_hal_msp.o
 .data          0x00000000200003d8        0x0 Core/Src/stm32f4xx_it.o
 .data          0x00000000200003d8        0x0 Core/Src/syscalls.o
 .data          0x00000000200003d8        0x0 Core/Src/sysmem.o
 .data          0x00000000200003d8        0x0 Core/Src/system_stm32f4xx.o
 .data          0x00000000200003d8        0x0 Core/Startup/startup_stm32f446retx.o
 .data          0x00000000200003d8        0x0 Drivers/STM32F4xx_HAL_Driver/Src/stm32f4xx_hal.o
 .data          0x00000000200003d8        0x0 Drivers/STM32F4xx_HAL_Driver/Src/stm32f4xx_hal_cortex.o
 .data          0x00000000200003d8        0x0 Drivers/STM32F4xx_HAL_Driver/Src/stm32f4xx_hal_dma.o
 .data          0x00000000200003d8        0x0 Drivers/STM32F4xx_HAL_Driver/Src/stm32f4xx_hal_dma_ex.o
 .data          0x00000000200003d8        0x0 Drivers/STM32F4xx_HAL_Driver/Src/stm32f4xx_hal_exti.o
 .data          0x00000000200003d8        0x0 Drivers/STM32F4xx_HAL_Driver/Src/stm32f4xx_hal_flash.o
 .data          0x00000000200003d8        0x0 Drivers/STM32F4xx_HAL_Driver/Src/stm32f4xx_hal_flash_ex.o
 .data          0x00000000200003d8        0x0 Drivers/STM32F4xx_HAL_Driver/Src/stm32f4xx_hal_flash_ramfunc.o
 .data          0x00000000200003d8        0x0 Drivers/STM32F4xx_HAL_Driver/Src/stm32f4xx_hal_gpio.o
 .data          0x00000000200003d8        0x0 Drivers/STM32F4xx_HAL_Driver/Src/stm32f4xx_hal_pwr.o
 .data          0x00000000200003d8        0x0 Drivers/STM32F4xx_HAL_Driver/Src/stm32f4xx_hal_pwr_ex.o
 .data          0x00000000200003d8        0x0 Drivers/STM32F4xx_HAL_Driver/Src/stm32f4xx_hal_rcc.o
 .data          0x00000000200003d8        0x0 Drivers/STM32F4xx_HAL_Driver/Src/stm32f4xx_hal_rcc_ex.o
 .data          0x00000000200003d8        0x0 Drivers/STM32F4xx_HAL_Driver/Src/stm32f4xx_hal_spi.o
 .data          0x00000000200003d8        0x0 Drivers/STM32F4xx_HAL_Driver/Src/stm32f4xx_hal_tim.o
 .data          0x00000000200003d8        0x0 Drivers/STM32F4xx_HAL_Driver/Src/stm32f4xx_hal_tim_ex.o
 .data          0x00000000200003d8        0x0 /opt/stm32cubeide/plugins/com.st.stm32cube.ide.mcu.externaltools.gnu-tools-for-stm32.7-2018-q2-update.linux64_1.5.0.202011040924/tools/bin/../lib/gcc/arm-none-eabi/7.3.1/../../../../arm-none-eabi/lib/thumb/v7e-m/fpv4-sp/hard/libc_nano.a(lib_a-errno.o)
 .data          0x00000000200003d8        0x0 /opt/stm32cubeide/plugins/com.st.stm32cube.ide.mcu.externaltools.gnu-tools-for-stm32.7-2018-q2-update.linux64_1.5.0.202011040924/tools/bin/../lib/gcc/arm-none-eabi/7.3.1/../../../../arm-none-eabi/lib/thumb/v7e-m/fpv4-sp/hard/libc_nano.a(lib_a-exit.o)
 .data          0x00000000200003d8        0x0 /opt/stm32cubeide/plugins/com.st.stm32cube.ide.mcu.externaltools.gnu-tools-for-stm32.7-2018-q2-update.linux64_1.5.0.202011040924/tools/bin/../lib/gcc/arm-none-eabi/7.3.1/../../../../arm-none-eabi/lib/thumb/v7e-m/fpv4-sp/hard/libc_nano.a(lib_a-impure.o)
 .data          0x00000000200003d8        0x0 /opt/stm32cubeide/plugins/com.st.stm32cube.ide.mcu.externaltools.gnu-tools-for-stm32.7-2018-q2-update.linux64_1.5.0.202011040924/tools/bin/../lib/gcc/arm-none-eabi/7.3.1/../../../../arm-none-eabi/lib/thumb/v7e-m/fpv4-sp/hard/libc_nano.a(lib_a-init.o)
 .data          0x00000000200003d8        0x0 /opt/stm32cubeide/plugins/com.st.stm32cube.ide.mcu.externaltools.gnu-tools-for-stm32.7-2018-q2-update.linux64_1.5.0.202011040924/tools/bin/../lib/gcc/arm-none-eabi/7.3.1/../../../../arm-none-eabi/lib/thumb/v7e-m/fpv4-sp/hard/libc_nano.a(lib_a-memset.o)
 .data          0x00000000200003d8        0x0 /opt/stm32cubeide/plugins/com.st.stm32cube.ide.mcu.externaltools.gnu-tools-for-stm32.7-2018-q2-update.linux64_1.5.0.202011040924/tools/bin/../lib/gcc/arm-none-eabi/7.3.1/thumb/v7e-m/fpv4-sp/hard/libgcc.a(_aeabi_uldivmod.o)
 .data          0x00000000200003d8        0x0 /opt/stm32cubeide/plugins/com.st.stm32cube.ide.mcu.externaltools.gnu-tools-for-stm32.7-2018-q2-update.linux64_1.5.0.202011040924/tools/bin/../lib/gcc/arm-none-eabi/7.3.1/thumb/v7e-m/fpv4-sp/hard/libgcc.a(_udivmoddi4.o)
 .data          0x00000000200003d8        0x0 /opt/stm32cubeide/plugins/com.st.stm32cube.ide.mcu.externaltools.gnu-tools-for-stm32.7-2018-q2-update.linux64_1.5.0.202011040924/tools/bin/../lib/gcc/arm-none-eabi/7.3.1/thumb/v7e-m/fpv4-sp/hard/libgcc.a(_dvmd_tls.o)
 .data          0x00000000200003d8        0x0 /opt/stm32cubeide/plugins/com.st.stm32cube.ide.mcu.externaltools.gnu-tools-for-stm32.7-2018-q2-update.linux64_1.5.0.202011040924/tools/bin/../lib/gcc/arm-none-eabi/7.3.1/thumb/v7e-m/fpv4-sp/hard/crtend.o
 .data          0x00000000200003d8        0x0 /opt/stm32cubeide/plugins/com.st.stm32cube.ide.mcu.externaltools.gnu-tools-for-stm32.7-2018-q2-update.linux64_1.5.0.202011040924/tools/bin/../lib/gcc/arm-none-eabi/7.3.1/thumb/v7e-m/fpv4-sp/hard/crtn.o
 *(.data*)
 .data.image_test
                0x00000000200003d8     0xe100 Core/Src/image_test.o
                0x00000000200003d8                image_test
 .data.environ  0x000000002000e4d8        0x4 Core/Src/syscalls.o
                0x000000002000e4d8                environ
 .data.SystemCoreClock
                0x000000002000e4dc        0x4 Core/Src/system_stm32f4xx.o
                0x000000002000e4dc                SystemCoreClock
 .data.uwTickPrio
                0x000000002000e4e0        0x4 Drivers/STM32F4xx_HAL_Driver/Src/stm32f4xx_hal.o
                0x000000002000e4e0                uwTickPrio
 .data.uwTickFreq
                0x000000002000e4e4        0x1 Drivers/STM32F4xx_HAL_Driver/Src/stm32f4xx_hal.o
                0x000000002000e4e4                uwTickFreq
 *fill*         0x000000002000e4e5        0x3 
 .data._impure_ptr
                0x000000002000e4e8        0x4 /opt/stm32cubeide/plugins/com.st.stm32cube.ide.mcu.externaltools.gnu-tools-for-stm32.7-2018-q2-update.linux64_1.5.0.202011040924/tools/bin/../lib/gcc/arm-none-eabi/7.3.1/../../../../arm-none-eabi/lib/thumb/v7e-m/fpv4-sp/hard/libc_nano.a(lib_a-impure.o)
                0x000000002000e4e8                _impure_ptr
 .data.impure_data
                0x000000002000e4ec       0x60 /opt/stm32cubeide/plugins/com.st.stm32cube.ide.mcu.externaltools.gnu-tools-for-stm32.7-2018-q2-update.linux64_1.5.0.202011040924/tools/bin/../lib/gcc/arm-none-eabi/7.3.1/../../../../arm-none-eabi/lib/thumb/v7e-m/fpv4-sp/hard/libc_nano.a(lib_a-impure.o)
                0x000000002000e54c                . = ALIGN (0x4)
                0x000000002000e54c                _edata = .

.igot.plt       0x000000002000e54c        0x0
 .igot.plt      0x000000002000e54c        0x0 /opt/stm32cubeide/plugins/com.st.stm32cube.ide.mcu.externaltools.gnu-tools-for-stm32.7-2018-q2-update.linux64_1.5.0.202011040924/tools/bin/../lib/gcc/arm-none-eabi/7.3.1/thumb/v7e-m/fpv4-sp/hard/crtbegin.o
                0x000000002000e54c                . = ALIGN (0x4)

.bss            0x000000002000e54c     0x10a4
                0x000000002000e54c                _sbss = .
                0x000000002000e54c                __bss_start__ = _sbss
 *(.bss)
 .bss           0x000000002000e54c        0x0 /opt/stm32cubeide/plugins/com.st.stm32cube.ide.mcu.externaltools.gnu-tools-for-stm32.7-2018-q2-update.linux64_1.5.0.202011040924/tools/bin/../lib/gcc/arm-none-eabi/7.3.1/thumb/v7e-m/fpv4-sp/hard/crti.o
 .bss           0x000000002000e54c       0x1c /opt/stm32cubeide/plugins/com.st.stm32cube.ide.mcu.externaltools.gnu-tools-for-stm32.7-2018-q2-update.linux64_1.5.0.202011040924/tools/bin/../lib/gcc/arm-none-eabi/7.3.1/thumb/v7e-m/fpv4-sp/hard/crtbegin.o
 .bss           0x000000002000e568        0x0 /opt/stm32cubeide/plugins/com.st.stm32cube.ide.mcu.externaltools.gnu-tools-for-stm32.7-2018-q2-update.linux64_1.5.0.202011040924/tools/bin/../lib/gcc/arm-none-eabi/7.3.1/../../../../arm-none-eabi/lib/thumb/v7e-m/fpv4-sp/hard/crt0.o
 .bss           0x000000002000e568        0x0 Core/Src/Dev_Inf.o
 .bss           0x000000002000e568        0x0 Core/Src/Loader_Src.o
 .bss           0x000000002000e568        0x0 Core/Src/gpio.o
 .bss           0x000000002000e568        0x0 Core/Src/image_test.o
 .bss           0x000000002000e568        0x0 Core/Src/main.o
 .bss           0x000000002000e568        0x0 Core/Src/spi.o
 .bss           0x000000002000e568        0x0 Core/Src/stm32_spi_flash.o
 .bss           0x000000002000e568        0x0 Core/Src/stm32f4xx_hal_msp.o
 .bss           0x000000002000e568        0x0 Core/Src/stm32f4xx_it.o
 .bss           0x000000002000e568        0x0 Core/Src/syscalls.o
 .bss           0x000000002000e568        0x0 Core/Src/sysmem.o
 .bss           0x000000002000e568        0x0 Core/Src/system_stm32f4xx.o
 .bss           0x000000002000e568        0x0 Core/Startup/startup_stm32f446retx.o
 .bss           0x000000002000e568        0x0 Drivers/STM32F4xx_HAL_Driver/Src/stm32f4xx_hal.o
 .bss           0x000000002000e568        0x0 Drivers/STM32F4xx_HAL_Driver/Src/stm32f4xx_hal_cortex.o
 .bss           0x000000002000e568        0x0 Drivers/STM32F4xx_HAL_Driver/Src/stm32f4xx_hal_dma.o
 .bss           0x000000002000e568        0x0 Drivers/STM32F4xx_HAL_Driver/Src/stm32f4xx_hal_dma_ex.o
 .bss           0x000000002000e568        0x0 Drivers/STM32F4xx_HAL_Driver/Src/stm32f4xx_hal_exti.o
 .bss           0x000000002000e568        0x0 Drivers/STM32F4xx_HAL_Driver/Src/stm32f4xx_hal_flash.o
 .bss           0x000000002000e568        0x0 Drivers/STM32F4xx_HAL_Driver/Src/stm32f4xx_hal_flash_ex.o
 .bss           0x000000002000e568        0x0 Drivers/STM32F4xx_HAL_Driver/Src/stm32f4xx_hal_flash_ramfunc.o
 .bss           0x000000002000e568        0x0 Drivers/STM32F4xx_HAL_Driver/Src/stm32f4xx_hal_gpio.o
 .bss           0x000000002000e568        0x0 Drivers/STM32F4xx_HAL_Driver/Src/stm32f4xx_hal_pwr.o
 .bss           0x000000002000e568        0x0 Drivers/STM32F4xx_HAL_Driver/Src/stm32f4xx_hal_pwr_ex.o
 .bss           0x000000002000e568        0x0 Drivers/STM32F4xx_HAL_Driver/Src/stm32f4xx_hal_rcc.o
 .bss           0x000000002000e568        0x0 Drivers/STM32F4xx_HAL_Driver/Src/stm32f4xx_hal_rcc_ex.o
 .bss           0x000000002000e568        0x0 Drivers/STM32F4xx_HAL_Driver/Src/stm32f4xx_hal_spi.o
 .bss           0x000000002000e568        0x0 Drivers/STM32F4xx_HAL_Driver/Src/stm32f4xx_hal_tim.o
 .bss           0x000000002000e568        0x0 Drivers/STM32F4xx_HAL_Driver/Src/stm32f4xx_hal_tim_ex.o
 .bss           0x000000002000e568        0x0 /opt/stm32cubeide/plugins/com.st.stm32cube.ide.mcu.externaltools.gnu-tools-for-stm32.7-2018-q2-update.linux64_1.5.0.202011040924/tools/bin/../lib/gcc/arm-none-eabi/7.3.1/../../../../arm-none-eabi/lib/thumb/v7e-m/fpv4-sp/hard/libc_nano.a(lib_a-errno.o)
 .bss           0x000000002000e568        0x0 /opt/stm32cubeide/plugins/com.st.stm32cube.ide.mcu.externaltools.gnu-tools-for-stm32.7-2018-q2-update.linux64_1.5.0.202011040924/tools/bin/../lib/gcc/arm-none-eabi/7.3.1/../../../../arm-none-eabi/lib/thumb/v7e-m/fpv4-sp/hard/libc_nano.a(lib_a-exit.o)
 .bss           0x000000002000e568        0x0 /opt/stm32cubeide/plugins/com.st.stm32cube.ide.mcu.externaltools.gnu-tools-for-stm32.7-2018-q2-update.linux64_1.5.0.202011040924/tools/bin/../lib/gcc/arm-none-eabi/7.3.1/../../../../arm-none-eabi/lib/thumb/v7e-m/fpv4-sp/hard/libc_nano.a(lib_a-impure.o)
 .bss           0x000000002000e568        0x0 /opt/stm32cubeide/plugins/com.st.stm32cube.ide.mcu.externaltools.gnu-tools-for-stm32.7-2018-q2-update.linux64_1.5.0.202011040924/tools/bin/../lib/gcc/arm-none-eabi/7.3.1/../../../../arm-none-eabi/lib/thumb/v7e-m/fpv4-sp/hard/libc_nano.a(lib_a-init.o)
 .bss           0x000000002000e568        0x0 /opt/stm32cubeide/plugins/com.st.stm32cube.ide.mcu.externaltools.gnu-tools-for-stm32.7-2018-q2-update.linux64_1.5.0.202011040924/tools/bin/../lib/gcc/arm-none-eabi/7.3.1/../../../../arm-none-eabi/lib/thumb/v7e-m/fpv4-sp/hard/libc_nano.a(lib_a-memset.o)
 .bss           0x000000002000e568        0x0 /opt/stm32cubeide/plugins/com.st.stm32cube.ide.mcu.externaltools.gnu-tools-for-stm32.7-2018-q2-update.linux64_1.5.0.202011040924/tools/bin/../lib/gcc/arm-none-eabi/7.3.1/thumb/v7e-m/fpv4-sp/hard/libgcc.a(_aeabi_uldivmod.o)
 .bss           0x000000002000e568        0x0 /opt/stm32cubeide/plugins/com.st.stm32cube.ide.mcu.externaltools.gnu-tools-for-stm32.7-2018-q2-update.linux64_1.5.0.202011040924/tools/bin/../lib/gcc/arm-none-eabi/7.3.1/thumb/v7e-m/fpv4-sp/hard/libgcc.a(_udivmoddi4.o)
 .bss           0x000000002000e568        0x0 /opt/stm32cubeide/plugins/com.st.stm32cube.ide.mcu.externaltools.gnu-tools-for-stm32.7-2018-q2-update.linux64_1.5.0.202011040924/tools/bin/../lib/gcc/arm-none-eabi/7.3.1/thumb/v7e-m/fpv4-sp/hard/libgcc.a(_dvmd_tls.o)
 .bss           0x000000002000e568        0x0 /opt/stm32cubeide/plugins/com.st.stm32cube.ide.mcu.externaltools.gnu-tools-for-stm32.7-2018-q2-update.linux64_1.5.0.202011040924/tools/bin/../lib/gcc/arm-none-eabi/7.3.1/thumb/v7e-m/fpv4-sp/hard/crtend.o
 .bss           0x000000002000e568        0x0 /opt/stm32cubeide/plugins/com.st.stm32cube.ide.mcu.externaltools.gnu-tools-for-stm32.7-2018-q2-update.linux64_1.5.0.202011040924/tools/bin/../lib/gcc/arm-none-eabi/7.3.1/thumb/v7e-m/fpv4-sp/hard/crtn.o
 *(.bss*)
 .bss.__env     0x000000002000e568        0x4 Core/Src/syscalls.o
                0x000000002000e568                __env
 .bss.__sbrk_heap_end
                0x000000002000e56c        0x4 Core/Src/sysmem.o
 *(COMMON)
 COMMON         0x000000002000e570     0x1004 Core/Src/main.o
                0x000000002000e570                sector_data
                0x000000002000f570                errorCount
 COMMON         0x000000002000f574       0x58 Core/Src/spi.o
                0x000000002000f574                hspi2
 COMMON         0x000000002000f5cc        0x4 Drivers/STM32F4xx_HAL_Driver/Src/stm32f4xx_hal.o
                0x000000002000f5cc                uwTick
 COMMON         0x000000002000f5d0       0x20 Drivers/STM32F4xx_HAL_Driver/Src/stm32f4xx_hal_flash.o
                0x000000002000f5d0                pFlash
                0x000000002000f5f0                . = ALIGN (0x4)
                0x000000002000f5f0                _ebss = .
                0x000000002000f5f0                __bss_end__ = _ebss

.text           0x000000002000f5f0     0xa808
                0x000000002000f5f0                . = ALIGN (0x4)
 *(.text)
 .text          0x000000002000f5f0        0x0 /opt/stm32cubeide/plugins/com.st.stm32cube.ide.mcu.externaltools.gnu-tools-for-stm32.7-2018-q2-update.linux64_1.5.0.202011040924/tools/bin/../lib/gcc/arm-none-eabi/7.3.1/thumb/v7e-m/fpv4-sp/hard/crti.o
 .text          0x000000002000f5f0       0x40 /opt/stm32cubeide/plugins/com.st.stm32cube.ide.mcu.externaltools.gnu-tools-for-stm32.7-2018-q2-update.linux64_1.5.0.202011040924/tools/bin/../lib/gcc/arm-none-eabi/7.3.1/thumb/v7e-m/fpv4-sp/hard/crtbegin.o
 .text          0x000000002000f630       0x74 /opt/stm32cubeide/plugins/com.st.stm32cube.ide.mcu.externaltools.gnu-tools-for-stm32.7-2018-q2-update.linux64_1.5.0.202011040924/tools/bin/../lib/gcc/arm-none-eabi/7.3.1/../../../../arm-none-eabi/lib/thumb/v7e-m/fpv4-sp/hard/crt0.o
                0x000000002000f630                _mainCRTStartup
                0x000000002000f630                _start
 .text          0x000000002000f6a4        0x0 Core/Src/Dev_Inf.o
 .text          0x000000002000f6a4        0x0 Core/Src/Loader_Src.o
 .text          0x000000002000f6a4        0x0 Core/Src/gpio.o
 .text          0x000000002000f6a4        0x0 Core/Src/image_test.o
 .text          0x000000002000f6a4        0x0 Core/Src/main.o
 .text          0x000000002000f6a4        0x0 Core/Src/spi.o
 .text          0x000000002000f6a4        0x0 Core/Src/stm32_spi_flash.o
 .text          0x000000002000f6a4        0x0 Core/Src/stm32f4xx_hal_msp.o
 .text          0x000000002000f6a4        0x0 Core/Src/stm32f4xx_it.o
 .text          0x000000002000f6a4        0x0 Core/Src/syscalls.o
 .text          0x000000002000f6a4        0x0 Core/Src/sysmem.o
 .text          0x000000002000f6a4        0x0 Core/Src/system_stm32f4xx.o
 .text          0x000000002000f6a4       0x14 Core/Startup/startup_stm32f446retx.o
 .text          0x000000002000f6b8        0x0 Drivers/STM32F4xx_HAL_Driver/Src/stm32f4xx_hal.o
 .text          0x000000002000f6b8        0x0 Drivers/STM32F4xx_HAL_Driver/Src/stm32f4xx_hal_cortex.o
 .text          0x000000002000f6b8        0x0 Drivers/STM32F4xx_HAL_Driver/Src/stm32f4xx_hal_dma.o
 .text          0x000000002000f6b8        0x0 Drivers/STM32F4xx_HAL_Driver/Src/stm32f4xx_hal_dma_ex.o
 .text          0x000000002000f6b8        0x0 Drivers/STM32F4xx_HAL_Driver/Src/stm32f4xx_hal_exti.o
 .text          0x000000002000f6b8        0x0 Drivers/STM32F4xx_HAL_Driver/Src/stm32f4xx_hal_flash.o
 .text          0x000000002000f6b8        0x0 Drivers/STM32F4xx_HAL_Driver/Src/stm32f4xx_hal_flash_ex.o
 .text          0x000000002000f6b8        0x0 Drivers/STM32F4xx_HAL_Driver/Src/stm32f4xx_hal_flash_ramfunc.o
 .text          0x000000002000f6b8        0x0 Drivers/STM32F4xx_HAL_Driver/Src/stm32f4xx_hal_gpio.o
 .text          0x000000002000f6b8        0x0 Drivers/STM32F4xx_HAL_Driver/Src/stm32f4xx_hal_pwr.o
 .text          0x000000002000f6b8        0x0 Drivers/STM32F4xx_HAL_Driver/Src/stm32f4xx_hal_pwr_ex.o
 .text          0x000000002000f6b8        0x0 Drivers/STM32F4xx_HAL_Driver/Src/stm32f4xx_hal_rcc.o
 .text          0x000000002000f6b8        0x0 Drivers/STM32F4xx_HAL_Driver/Src/stm32f4xx_hal_rcc_ex.o
 .text          0x000000002000f6b8        0x0 Drivers/STM32F4xx_HAL_Driver/Src/stm32f4xx_hal_spi.o
 .text          0x000000002000f6b8        0x0 Drivers/STM32F4xx_HAL_Driver/Src/stm32f4xx_hal_tim.o
 .text          0x000000002000f6b8        0x0 Drivers/STM32F4xx_HAL_Driver/Src/stm32f4xx_hal_tim_ex.o
 .text          0x000000002000f6b8        0x0 /opt/stm32cubeide/plugins/com.st.stm32cube.ide.mcu.externaltools.gnu-tools-for-stm32.7-2018-q2-update.linux64_1.5.0.202011040924/tools/bin/../lib/gcc/arm-none-eabi/7.3.1/../../../../arm-none-eabi/lib/thumb/v7e-m/fpv4-sp/hard/libc_nano.a(lib_a-errno.o)
 .text          0x000000002000f6b8        0x0 /opt/stm32cubeide/plugins/com.st.stm32cube.ide.mcu.externaltools.gnu-tools-for-stm32.7-2018-q2-update.linux64_1.5.0.202011040924/tools/bin/../lib/gcc/arm-none-eabi/7.3.1/../../../../arm-none-eabi/lib/thumb/v7e-m/fpv4-sp/hard/libc_nano.a(lib_a-exit.o)
 .text          0x000000002000f6b8        0x0 /opt/stm32cubeide/plugins/com.st.stm32cube.ide.mcu.externaltools.gnu-tools-for-stm32.7-2018-q2-update.linux64_1.5.0.202011040924/tools/bin/../lib/gcc/arm-none-eabi/7.3.1/../../../../arm-none-eabi/lib/thumb/v7e-m/fpv4-sp/hard/libc_nano.a(lib_a-impure.o)
 .text          0x000000002000f6b8        0x0 /opt/stm32cubeide/plugins/com.st.stm32cube.ide.mcu.externaltools.gnu-tools-for-stm32.7-2018-q2-update.linux64_1.5.0.202011040924/tools/bin/../lib/gcc/arm-none-eabi/7.3.1/../../../../arm-none-eabi/lib/thumb/v7e-m/fpv4-sp/hard/libc_nano.a(lib_a-init.o)
 .text          0x000000002000f6b8        0x0 /opt/stm32cubeide/plugins/com.st.stm32cube.ide.mcu.externaltools.gnu-tools-for-stm32.7-2018-q2-update.linux64_1.5.0.202011040924/tools/bin/../lib/gcc/arm-none-eabi/7.3.1/../../../../arm-none-eabi/lib/thumb/v7e-m/fpv4-sp/hard/libc_nano.a(lib_a-memset.o)
 .text          0x000000002000f6b8       0x30 /opt/stm32cubeide/plugins/com.st.stm32cube.ide.mcu.externaltools.gnu-tools-for-stm32.7-2018-q2-update.linux64_1.5.0.202011040924/tools/bin/../lib/gcc/arm-none-eabi/7.3.1/thumb/v7e-m/fpv4-sp/hard/libgcc.a(_aeabi_uldivmod.o)
                0x000000002000f6b8                __aeabi_uldivmod
 .text          0x000000002000f6e8      0x2cc /opt/stm32cubeide/plugins/com.st.stm32cube.ide.mcu.externaltools.gnu-tools-for-stm32.7-2018-q2-update.linux64_1.5.0.202011040924/tools/bin/../lib/gcc/arm-none-eabi/7.3.1/thumb/v7e-m/fpv4-sp/hard/libgcc.a(_udivmoddi4.o)
                0x000000002000f6e8                __udivmoddi4
 .text          0x000000002000f9b4        0x4 /opt/stm32cubeide/plugins/com.st.stm32cube.ide.mcu.externaltools.gnu-tools-for-stm32.7-2018-q2-update.linux64_1.5.0.202011040924/tools/bin/../lib/gcc/arm-none-eabi/7.3.1/thumb/v7e-m/fpv4-sp/hard/libgcc.a(_dvmd_tls.o)
                0x000000002000f9b4                __aeabi_ldiv0
                0x000000002000f9b4                __aeabi_idiv0
 .text          0x000000002000f9b8        0x0 /opt/stm32cubeide/plugins/com.st.stm32cube.ide.mcu.externaltools.gnu-tools-for-stm32.7-2018-q2-update.linux64_1.5.0.202011040924/tools/bin/../lib/gcc/arm-none-eabi/7.3.1/thumb/v7e-m/fpv4-sp/hard/crtend.o
 .text          0x000000002000f9b8        0x0 /opt/stm32cubeide/plugins/com.st.stm32cube.ide.mcu.externaltools.gnu-tools-for-stm32.7-2018-q2-update.linux64_1.5.0.202011040924/tools/bin/../lib/gcc/arm-none-eabi/7.3.1/thumb/v7e-m/fpv4-sp/hard/crtn.o
 *(.text*)
 .text.Init     0x000000002000f9b8       0x54 Core/Src/Loader_Src.o
                0x000000002000f9b8                Init
 .text.Read     0x000000002000fa0c       0x20 Core/Src/Loader_Src.o
                0x000000002000fa0c                Read
 .text.Write    0x000000002000fa2c       0x20 Core/Src/Loader_Src.o
                0x000000002000fa2c                Write
 .text.SectorErase
                0x000000002000fa4c       0x38 Core/Src/Loader_Src.o
                0x000000002000fa4c                SectorErase
 .text.MassErase
                0x000000002000fa84        0xe Core/Src/Loader_Src.o
                0x000000002000fa84                MassErase
 .text.CheckSum
                0x000000002000fa92      0x21a Core/Src/Loader_Src.o
                0x000000002000fa92                CheckSum
 .text.Verify   0x000000002000fcac       0xcc Core/Src/Loader_Src.o
                0x000000002000fcac                Verify
 .text.MX_GPIO_Init
                0x000000002000fd78       0xa4 Core/Src/gpio.o
                0x000000002000fd78                MX_GPIO_Init
 .text.my_memcmp
                0x000000002000fe1c       0x56 Core/Src/main.o
                0x000000002000fe1c                my_memcmp
 *fill*         0x000000002000fe72        0x2 
 .text.main     0x000000002000fe74      0x114 Core/Src/main.o
                0x000000002000fe74                main
 .text.SystemClock_Config
                0x000000002000ff88       0xe4 Core/Src/main.o
                0x000000002000ff88                SystemClock_Config
 .text.Error_Handler
                0x000000002001006c        0xe Core/Src/main.o
                0x000000002001006c                Error_Handler
 *fill*         0x000000002001007a        0x2 
 .text.MX_SPI2_Init
                0x000000002001007c       0x6c Core/Src/spi.o
                0x000000002001007c                MX_SPI2_Init
 .text.HAL_SPI_MspInit
                0x00000000200100e8       0xd0 Core/Src/spi.o
                0x00000000200100e8                HAL_SPI_MspInit
 .text.HAL_SPI_MspDeInit
                0x00000000200101b8       0x48 Core/Src/spi.o
                0x00000000200101b8                HAL_SPI_MspDeInit
 .text.sFLASH_EraseSector
                0x0000000020010200       0x64 Core/Src/stm32_spi_flash.o
                0x0000000020010200                sFLASH_EraseSector
 .text.sFLASH_EraseChip
                0x0000000020010264       0x48 Core/Src/stm32_spi_flash.o
                0x0000000020010264                sFLASH_EraseChip
 .text.sFLASH_WritePage
                0x00000000200102ac       0x78 Core/Src/stm32_spi_flash.o
                0x00000000200102ac                sFLASH_WritePage
 .text.sFLASH_ReadBuffer
                0x0000000020010324       0x70 Core/Src/stm32_spi_flash.o
                0x0000000020010324                sFLASH_ReadBuffer
 .text.sFLASH_WriteBuffer
                0x0000000020010394      0x13a Core/Src/stm32_spi_flash.o
                0x0000000020010394                sFLASH_WriteBuffer
 *fill*         0x00000000200104ce        0x2 
 .text.sFLASH_ReadID
                0x00000000200104d0       0x5c Core/Src/stm32_spi_flash.o
                0x00000000200104d0                sFLASH_ReadID
 .text.sFLASH_WriteEnable
                0x000000002001052c       0x40 Core/Src/stm32_spi_flash.o
                0x000000002001052c                sFLASH_WriteEnable
 .text.sFLASH_WaitForWriteEnd
                0x000000002001056c       0x58 Core/Src/stm32_spi_flash.o
                0x000000002001056c                sFLASH_WaitForWriteEnd
 .text.HAL_MspInit
                0x00000000200105c4       0x50 Core/Src/stm32f4xx_hal_msp.o
                0x00000000200105c4                HAL_MspInit
 .text.NMI_Handler
                0x0000000020010614        0xe Core/Src/stm32f4xx_it.o
                0x0000000020010614                NMI_Handler
 .text.HardFault_Handler
                0x0000000020010622        0x6 Core/Src/stm32f4xx_it.o
                0x0000000020010622                HardFault_Handler
 .text.MemManage_Handler
                0x0000000020010628        0x6 Core/Src/stm32f4xx_it.o
                0x0000000020010628                MemManage_Handler
 .text.BusFault_Handler
                0x000000002001062e        0x6 Core/Src/stm32f4xx_it.o
                0x000000002001062e                BusFault_Handler
 .text.UsageFault_Handler
                0x0000000020010634        0x6 Core/Src/stm32f4xx_it.o
                0x0000000020010634                UsageFault_Handler
 .text.SVC_Handler
                0x000000002001063a        0xe Core/Src/stm32f4xx_it.o
                0x000000002001063a                SVC_Handler
 .text.DebugMon_Handler
                0x0000000020010648        0xe Core/Src/stm32f4xx_it.o
                0x0000000020010648                DebugMon_Handler
 .text.PendSV_Handler
                0x0000000020010656        0xe Core/Src/stm32f4xx_it.o
                0x0000000020010656                PendSV_Handler
 .text.SysTick_Handler
                0x0000000020010664        0xc Core/Src/stm32f4xx_it.o
                0x0000000020010664                SysTick_Handler
 .text.initialise_monitor_handles
                0x0000000020010670        0xe Core/Src/syscalls.o
                0x0000000020010670                initialise_monitor_handles
 .text._getpid  0x000000002001067e       0x10 Core/Src/syscalls.o
                0x000000002001067e                _getpid
 .text._kill    0x000000002001068e       0x20 Core/Src/syscalls.o
                0x000000002001068e                _kill
 .text._exit    0x00000000200106ae       0x14 Core/Src/syscalls.o
                0x00000000200106ae                _exit
 .text._read    0x00000000200106c2       0x3a Core/Src/syscalls.o
                0x00000000200106c2                _read
 .text._write   0x00000000200106fc       0x38 Core/Src/syscalls.o
                0x00000000200106fc                _write
 .text._close   0x0000000020010734       0x18 Core/Src/syscalls.o
                0x0000000020010734                _close
 .text._fstat   0x000000002001074c       0x20 Core/Src/syscalls.o
                0x000000002001074c                _fstat
 .text._isatty  0x000000002001076c       0x16 Core/Src/syscalls.o
                0x000000002001076c                _isatty
 .text._lseek   0x0000000020010782       0x1a Core/Src/syscalls.o
                0x0000000020010782                _lseek
 .text._open    0x000000002001079c       0x1c Core/Src/syscalls.o
                0x000000002001079c                _open
 .text._wait    0x00000000200107b8       0x1e Core/Src/syscalls.o
                0x00000000200107b8                _wait
 .text._unlink  0x00000000200107d6       0x1e Core/Src/syscalls.o
                0x00000000200107d6                _unlink
 .text._times   0x00000000200107f4       0x18 Core/Src/syscalls.o
                0x00000000200107f4                _times
 .text._stat    0x000000002001080c       0x20 Core/Src/syscalls.o
                0x000000002001080c                _stat
 .text._link    0x000000002001082c       0x20 Core/Src/syscalls.o
                0x000000002001082c                _link
 .text._fork    0x000000002001084c       0x16 Core/Src/syscalls.o
                0x000000002001084c                _fork
 .text._execve  0x0000000020010862       0x22 Core/Src/syscalls.o
                0x0000000020010862                _execve
 .text._sbrk    0x0000000020010884       0x6c Core/Src/sysmem.o
                0x0000000020010884                _sbrk
 .text.SystemInit
                0x00000000200108f0       0x2c Core/Src/system_stm32f4xx.o
                0x00000000200108f0                SystemInit
 .text.SystemCoreClockUpdate
                0x000000002001091c       0xf4 Core/Src/system_stm32f4xx.o
                0x000000002001091c                SystemCoreClockUpdate
 .text.Reset_Handler
                0x0000000020010a10       0x50 Core/Startup/startup_stm32f446retx.o
                0x0000000020010a10                Reset_Handler
 .text.Default_Handler
                0x0000000020010a60        0x2 Core/Startup/startup_stm32f446retx.o
                0x0000000020010a60                RTC_Alarm_IRQHandler
                0x0000000020010a60                EXTI2_IRQHandler
                0x0000000020010a60                TIM8_CC_IRQHandler
                0x0000000020010a60                FMPI2C1_EV_IRQHandler
                0x0000000020010a60                SPI4_IRQHandler
                0x0000000020010a60                TIM1_CC_IRQHandler
                0x0000000020010a60                DMA2_Stream5_IRQHandler
                0x0000000020010a60                DMA1_Stream5_IRQHandler
                0x0000000020010a60                PVD_IRQHandler
                0x0000000020010a60                SDIO_IRQHandler
                0x0000000020010a60                TAMP_STAMP_IRQHandler
                0x0000000020010a60                CAN2_RX1_IRQHandler
                0x0000000020010a60                EXTI3_IRQHandler
                0x0000000020010a60                TIM8_TRG_COM_TIM14_IRQHandler
                0x0000000020010a60                TIM1_UP_TIM10_IRQHandler
                0x0000000020010a60                TIM8_UP_TIM13_IRQHandler
                0x0000000020010a60                I2C3_ER_IRQHandler
                0x0000000020010a60                EXTI0_IRQHandler
                0x0000000020010a60                I2C2_EV_IRQHandler
                0x0000000020010a60                DMA1_Stream2_IRQHandler
                0x0000000020010a60                CAN1_RX0_IRQHandler
                0x0000000020010a60                FPU_IRQHandler
                0x0000000020010a60                OTG_HS_WKUP_IRQHandler
                0x0000000020010a60                CAN2_SCE_IRQHandler
                0x0000000020010a60                DMA2_Stream2_IRQHandler
                0x0000000020010a60                SPI1_IRQHandler
                0x0000000020010a60                TIM6_DAC_IRQHandler
                0x0000000020010a60                TIM1_BRK_TIM9_IRQHandler
                0x0000000020010a60                DCMI_IRQHandler
                0x0000000020010a60                CAN2_RX0_IRQHandler
                0x0000000020010a60                DMA2_Stream3_IRQHandler
                0x0000000020010a60                SAI2_IRQHandler
                0x0000000020010a60                USART6_IRQHandler
                0x0000000020010a60                USART3_IRQHandler
                0x0000000020010a60                CAN1_RX1_IRQHandler
                0x0000000020010a60                UART5_IRQHandler
                0x0000000020010a60                DMA2_Stream0_IRQHandler
                0x0000000020010a60                TIM4_IRQHandler
                0x0000000020010a60                QUADSPI_IRQHandler
                0x0000000020010a60                I2C1_EV_IRQHandler
                0x0000000020010a60                DMA1_Stream6_IRQHandler
                0x0000000020010a60                DMA1_Stream1_IRQHandler
                0x0000000020010a60                UART4_IRQHandler
                0x0000000020010a60                TIM3_IRQHandler
                0x0000000020010a60                RCC_IRQHandler
                0x0000000020010a60                TIM8_BRK_TIM12_IRQHandler
                0x0000000020010a60                Default_Handler
                0x0000000020010a60                CEC_IRQHandler
                0x0000000020010a60                EXTI15_10_IRQHandler
                0x0000000020010a60                ADC_IRQHandler
                0x0000000020010a60                DMA1_Stream7_IRQHandler
                0x0000000020010a60                TIM7_IRQHandler
                0x0000000020010a60                CAN2_TX_IRQHandler
                0x0000000020010a60                TIM5_IRQHandler
                0x0000000020010a60                DMA2_Stream7_IRQHandler
                0x0000000020010a60                I2C3_EV_IRQHandler
                0x0000000020010a60                EXTI9_5_IRQHandler
                0x0000000020010a60                RTC_WKUP_IRQHandler
                0x0000000020010a60                SPDIF_RX_IRQHandler
                0x0000000020010a60                SPI2_IRQHandler
                0x0000000020010a60                OTG_HS_EP1_IN_IRQHandler
                0x0000000020010a60                DMA1_Stream0_IRQHandler
                0x0000000020010a60                CAN1_TX_IRQHandler
                0x0000000020010a60                FMPI2C1_ER_IRQHandler
                0x0000000020010a60                EXTI4_IRQHandler
                0x0000000020010a60                OTG_HS_EP1_OUT_IRQHandler
                0x0000000020010a60                WWDG_IRQHandler
                0x0000000020010a60                TIM2_IRQHandler
                0x0000000020010a60                OTG_FS_WKUP_IRQHandler
                0x0000000020010a60                TIM1_TRG_COM_TIM11_IRQHandler
                0x0000000020010a60                OTG_HS_IRQHandler
                0x0000000020010a60                EXTI1_IRQHandler
                0x0000000020010a60                USART2_IRQHandler
                0x0000000020010a60                I2C2_ER_IRQHandler
                0x0000000020010a60                DMA2_Stream1_IRQHandler
                0x0000000020010a60                CAN1_SCE_IRQHandler
                0x0000000020010a60                FLASH_IRQHandler
                0x0000000020010a60                DMA2_Stream4_IRQHandler
                0x0000000020010a60                USART1_IRQHandler
                0x0000000020010a60                OTG_FS_IRQHandler
                0x0000000020010a60                SPI3_IRQHandler
                0x0000000020010a60                DMA1_Stream4_IRQHandler
                0x0000000020010a60                I2C1_ER_IRQHandler
                0x0000000020010a60                FMC_IRQHandler
                0x0000000020010a60                DMA2_Stream6_IRQHandler
                0x0000000020010a60                SAI1_IRQHandler
                0x0000000020010a60                DMA1_Stream3_IRQHandler
 *fill*         0x0000000020010a62        0x2 
 .text.HAL_Init
                0x0000000020010a64       0x44 Drivers/STM32F4xx_HAL_Driver/Src/stm32f4xx_hal.o
                0x0000000020010a64                HAL_Init
 .text.HAL_DeInit
                0x0000000020010aa8       0x58 Drivers/STM32F4xx_HAL_Driver/Src/stm32f4xx_hal.o
                0x0000000020010aa8                HAL_DeInit
 .text.HAL_MspInit
                0x0000000020010b00        0xe Drivers/STM32F4xx_HAL_Driver/Src/stm32f4xx_hal.o
 .text.HAL_MspDeInit
                0x0000000020010b0e        0xe Drivers/STM32F4xx_HAL_Driver/Src/stm32f4xx_hal.o
                0x0000000020010b0e                HAL_MspDeInit
 .text.HAL_InitTick
                0x0000000020010b1c       0x60 Drivers/STM32F4xx_HAL_Driver/Src/stm32f4xx_hal.o
                0x0000000020010b1c                HAL_InitTick
 .text.HAL_IncTick
                0x0000000020010b7c       0x28 Drivers/STM32F4xx_HAL_Driver/Src/stm32f4xx_hal.o
                0x0000000020010b7c                HAL_IncTick
 .text.HAL_GetTick
                0x0000000020010ba4       0x18 Drivers/STM32F4xx_HAL_Driver/Src/stm32f4xx_hal.o
                0x0000000020010ba4                HAL_GetTick
 .text.HAL_GetTickPrio
                0x0000000020010bbc       0x18 Drivers/STM32F4xx_HAL_Driver/Src/stm32f4xx_hal.o
                0x0000000020010bbc                HAL_GetTickPrio
 .text.HAL_SetTickFreq
                0x0000000020010bd4       0x50 Drivers/STM32F4xx_HAL_Driver/Src/stm32f4xx_hal.o
                0x0000000020010bd4                HAL_SetTickFreq
 .text.HAL_GetTickFreq
                0x0000000020010c24       0x18 Drivers/STM32F4xx_HAL_Driver/Src/stm32f4xx_hal.o
                0x0000000020010c24                HAL_GetTickFreq
 .text.HAL_Delay
                0x0000000020010c3c       0x44 Drivers/STM32F4xx_HAL_Driver/Src/stm32f4xx_hal.o
                0x0000000020010c3c                HAL_Delay
 .text.HAL_SuspendTick
                0x0000000020010c80       0x20 Drivers/STM32F4xx_HAL_Driver/Src/stm32f4xx_hal.o
                0x0000000020010c80                HAL_SuspendTick
 .text.HAL_ResumeTick
                0x0000000020010ca0       0x20 Drivers/STM32F4xx_HAL_Driver/Src/stm32f4xx_hal.o
                0x0000000020010ca0                HAL_ResumeTick
 .text.HAL_GetHalVersion
                0x0000000020010cc0       0x14 Drivers/STM32F4xx_HAL_Driver/Src/stm32f4xx_hal.o
                0x0000000020010cc0                HAL_GetHalVersion
 .text.HAL_GetREVID
                0x0000000020010cd4       0x18 Drivers/STM32F4xx_HAL_Driver/Src/stm32f4xx_hal.o
                0x0000000020010cd4                HAL_GetREVID
 .text.HAL_GetDEVID
                0x0000000020010cec       0x1c Drivers/STM32F4xx_HAL_Driver/Src/stm32f4xx_hal.o
                0x0000000020010cec                HAL_GetDEVID
 .text.HAL_DBGMCU_EnableDBGSleepMode
                0x0000000020010d08       0x20 Drivers/STM32F4xx_HAL_Driver/Src/stm32f4xx_hal.o
                0x0000000020010d08                HAL_DBGMCU_EnableDBGSleepMode
 .text.HAL_DBGMCU_DisableDBGSleepMode
                0x0000000020010d28       0x20 Drivers/STM32F4xx_HAL_Driver/Src/stm32f4xx_hal.o
                0x0000000020010d28                HAL_DBGMCU_DisableDBGSleepMode
 .text.HAL_DBGMCU_EnableDBGStopMode
                0x0000000020010d48       0x20 Drivers/STM32F4xx_HAL_Driver/Src/stm32f4xx_hal.o
                0x0000000020010d48                HAL_DBGMCU_EnableDBGStopMode
 .text.HAL_DBGMCU_DisableDBGStopMode
                0x0000000020010d68       0x20 Drivers/STM32F4xx_HAL_Driver/Src/stm32f4xx_hal.o
                0x0000000020010d68                HAL_DBGMCU_DisableDBGStopMode
 .text.HAL_DBGMCU_EnableDBGStandbyMode
                0x0000000020010d88       0x20 Drivers/STM32F4xx_HAL_Driver/Src/stm32f4xx_hal.o
                0x0000000020010d88                HAL_DBGMCU_EnableDBGStandbyMode
 .text.HAL_DBGMCU_DisableDBGStandbyMode
                0x0000000020010da8       0x20 Drivers/STM32F4xx_HAL_Driver/Src/stm32f4xx_hal.o
                0x0000000020010da8                HAL_DBGMCU_DisableDBGStandbyMode
 .text.HAL_EnableCompensationCell
                0x0000000020010dc8       0x18 Drivers/STM32F4xx_HAL_Driver/Src/stm32f4xx_hal.o
                0x0000000020010dc8                HAL_EnableCompensationCell
 .text.HAL_DisableCompensationCell
                0x0000000020010de0       0x18 Drivers/STM32F4xx_HAL_Driver/Src/stm32f4xx_hal.o
                0x0000000020010de0                HAL_DisableCompensationCell
 .text.HAL_GetUIDw0
                0x0000000020010df8       0x18 Drivers/STM32F4xx_HAL_Driver/Src/stm32f4xx_hal.o
                0x0000000020010df8                HAL_GetUIDw0
 .text.HAL_GetUIDw1
                0x0000000020010e10       0x18 Drivers/STM32F4xx_HAL_Driver/Src/stm32f4xx_hal.o
                0x0000000020010e10                HAL_GetUIDw1
 .text.HAL_GetUIDw2
                0x0000000020010e28       0x18 Drivers/STM32F4xx_HAL_Driver/Src/stm32f4xx_hal.o
                0x0000000020010e28                HAL_GetUIDw2
 .text.__NVIC_SetPriorityGrouping
                0x0000000020010e40       0x48 Drivers/STM32F4xx_HAL_Driver/Src/stm32f4xx_hal_cortex.o
 .text.__NVIC_GetPriorityGrouping
                0x0000000020010e88       0x1c Drivers/STM32F4xx_HAL_Driver/Src/stm32f4xx_hal_cortex.o
 .text.__NVIC_EnableIRQ
                0x0000000020010ea4       0x3c Drivers/STM32F4xx_HAL_Driver/Src/stm32f4xx_hal_cortex.o
 .text.__NVIC_DisableIRQ
                0x0000000020010ee0       0x44 Drivers/STM32F4xx_HAL_Driver/Src/stm32f4xx_hal_cortex.o
 .text.__NVIC_GetPendingIRQ
                0x0000000020010f24       0x44 Drivers/STM32F4xx_HAL_Driver/Src/stm32f4xx_hal_cortex.o
 .text.__NVIC_SetPendingIRQ
                0x0000000020010f68       0x3c Drivers/STM32F4xx_HAL_Driver/Src/stm32f4xx_hal_cortex.o
 .text.__NVIC_ClearPendingIRQ
                0x0000000020010fa4       0x3c Drivers/STM32F4xx_HAL_Driver/Src/stm32f4xx_hal_cortex.o
 .text.__NVIC_GetActive
                0x0000000020010fe0       0x44 Drivers/STM32F4xx_HAL_Driver/Src/stm32f4xx_hal_cortex.o
 .text.__NVIC_SetPriority
                0x0000000020011024       0x54 Drivers/STM32F4xx_HAL_Driver/Src/stm32f4xx_hal_cortex.o
 .text.__NVIC_GetPriority
                0x0000000020011078       0x50 Drivers/STM32F4xx_HAL_Driver/Src/stm32f4xx_hal_cortex.o
 .text.NVIC_EncodePriority
                0x00000000200110c8       0x66 Drivers/STM32F4xx_HAL_Driver/Src/stm32f4xx_hal_cortex.o
 .text.NVIC_DecodePriority
                0x000000002001112e       0x6e Drivers/STM32F4xx_HAL_Driver/Src/stm32f4xx_hal_cortex.o
 .text.__NVIC_SystemReset
                0x000000002001119c       0x28 Drivers/STM32F4xx_HAL_Driver/Src/stm32f4xx_hal_cortex.o
 .text.SysTick_Config
                0x00000000200111c4       0x44 Drivers/STM32F4xx_HAL_Driver/Src/stm32f4xx_hal_cortex.o
 .text.HAL_NVIC_SetPriorityGrouping
                0x0000000020011208       0x16 Drivers/STM32F4xx_HAL_Driver/Src/stm32f4xx_hal_cortex.o
                0x0000000020011208                HAL_NVIC_SetPriorityGrouping
 .text.HAL_NVIC_SetPriority
                0x000000002001121e       0x38 Drivers/STM32F4xx_HAL_Driver/Src/stm32f4xx_hal_cortex.o
                0x000000002001121e                HAL_NVIC_SetPriority
 .text.HAL_NVIC_EnableIRQ
                0x0000000020011256       0x1c Drivers/STM32F4xx_HAL_Driver/Src/stm32f4xx_hal_cortex.o
                0x0000000020011256                HAL_NVIC_EnableIRQ
 .text.HAL_NVIC_DisableIRQ
                0x0000000020011272       0x1c Drivers/STM32F4xx_HAL_Driver/Src/stm32f4xx_hal_cortex.o
                0x0000000020011272                HAL_NVIC_DisableIRQ
 .text.HAL_NVIC_SystemReset
                0x000000002001128e        0x8 Drivers/STM32F4xx_HAL_Driver/Src/stm32f4xx_hal_cortex.o
                0x000000002001128e                HAL_NVIC_SystemReset
 .text.HAL_SYSTICK_Config
                0x0000000020011296       0x18 Drivers/STM32F4xx_HAL_Driver/Src/stm32f4xx_hal_cortex.o
                0x0000000020011296                HAL_SYSTICK_Config
 *fill*         0x00000000200112ae        0x2 
 .text.HAL_MPU_Disable
                0x00000000200112b0       0x2c Drivers/STM32F4xx_HAL_Driver/Src/stm32f4xx_hal_cortex.o
                0x00000000200112b0                HAL_MPU_Disable
 .text.HAL_MPU_Enable
                0x00000000200112dc       0x3c Drivers/STM32F4xx_HAL_Driver/Src/stm32f4xx_hal_cortex.o
                0x00000000200112dc                HAL_MPU_Enable
 .text.HAL_MPU_ConfigRegion
                0x0000000020011318       0x88 Drivers/STM32F4xx_HAL_Driver/Src/stm32f4xx_hal_cortex.o
                0x0000000020011318                HAL_MPU_ConfigRegion
 .text.HAL_NVIC_GetPriorityGrouping
                0x00000000200113a0        0xe Drivers/STM32F4xx_HAL_Driver/Src/stm32f4xx_hal_cortex.o
                0x00000000200113a0                HAL_NVIC_GetPriorityGrouping
 .text.HAL_NVIC_GetPriority
                0x00000000200113ae       0x2c Drivers/STM32F4xx_HAL_Driver/Src/stm32f4xx_hal_cortex.o
                0x00000000200113ae                HAL_NVIC_GetPriority
 .text.HAL_NVIC_SetPendingIRQ
                0x00000000200113da       0x1c Drivers/STM32F4xx_HAL_Driver/Src/stm32f4xx_hal_cortex.o
                0x00000000200113da                HAL_NVIC_SetPendingIRQ
 .text.HAL_NVIC_GetPendingIRQ
                0x00000000200113f6       0x1e Drivers/STM32F4xx_HAL_Driver/Src/stm32f4xx_hal_cortex.o
                0x00000000200113f6                HAL_NVIC_GetPendingIRQ
 .text.HAL_NVIC_ClearPendingIRQ
                0x0000000020011414       0x1c Drivers/STM32F4xx_HAL_Driver/Src/stm32f4xx_hal_cortex.o
                0x0000000020011414                HAL_NVIC_ClearPendingIRQ
 .text.HAL_NVIC_GetActive
                0x0000000020011430       0x1e Drivers/STM32F4xx_HAL_Driver/Src/stm32f4xx_hal_cortex.o
                0x0000000020011430                HAL_NVIC_GetActive
 *fill*         0x000000002001144e        0x2 
 .text.HAL_SYSTICK_CLKSourceConfig
                0x0000000020011450       0x38 Drivers/STM32F4xx_HAL_Driver/Src/stm32f4xx_hal_cortex.o
                0x0000000020011450                HAL_SYSTICK_CLKSourceConfig
 .text.HAL_SYSTICK_IRQHandler
                0x0000000020011488        0xc Drivers/STM32F4xx_HAL_Driver/Src/stm32f4xx_hal_cortex.o
                0x0000000020011488                HAL_SYSTICK_IRQHandler
 .text.HAL_SYSTICK_Callback
                0x0000000020011494        0xe Drivers/STM32F4xx_HAL_Driver/Src/stm32f4xx_hal_cortex.o
                0x0000000020011494                HAL_SYSTICK_Callback
 *fill*         0x00000000200114a2        0x2 
 .text.HAL_DMA_Init
                0x00000000200114a4      0x15c Drivers/STM32F4xx_HAL_Driver/Src/stm32f4xx_hal_dma.o
                0x00000000200114a4                HAL_DMA_Init
 .text.HAL_DMA_DeInit
                0x0000000020011600       0xbc Drivers/STM32F4xx_HAL_Driver/Src/stm32f4xx_hal_dma.o
                0x0000000020011600                HAL_DMA_DeInit
 .text.HAL_DMA_Start
                0x00000000200116bc       0x76 Drivers/STM32F4xx_HAL_Driver/Src/stm32f4xx_hal_dma.o
                0x00000000200116bc                HAL_DMA_Start
 .text.HAL_DMA_Start_IT
                0x0000000020011732       0xb0 Drivers/STM32F4xx_HAL_Driver/Src/stm32f4xx_hal_dma.o
                0x0000000020011732                HAL_DMA_Start_IT
 .text.HAL_DMA_Abort
                0x00000000200117e2       0xe0 Drivers/STM32F4xx_HAL_Driver/Src/stm32f4xx_hal_dma.o
                0x00000000200117e2                HAL_DMA_Abort
 .text.HAL_DMA_Abort_IT
                0x00000000200118c2       0x44 Drivers/STM32F4xx_HAL_Driver/Src/stm32f4xx_hal_dma.o
                0x00000000200118c2                HAL_DMA_Abort_IT
 .text.HAL_DMA_PollForTransfer
                0x0000000020011906      0x1be Drivers/STM32F4xx_HAL_Driver/Src/stm32f4xx_hal_dma.o
                0x0000000020011906                HAL_DMA_PollForTransfer
 .text.HAL_DMA_IRQHandler
                0x0000000020011ac4      0x314 Drivers/STM32F4xx_HAL_Driver/Src/stm32f4xx_hal_dma.o
                0x0000000020011ac4                HAL_DMA_IRQHandler
 .text.HAL_DMA_RegisterCallback
                0x0000000020011dd8       0xa8 Drivers/STM32F4xx_HAL_Driver/Src/stm32f4xx_hal_dma.o
                0x0000000020011dd8                HAL_DMA_RegisterCallback
 .text.HAL_DMA_UnRegisterCallback
                0x0000000020011e80       0xd4 Drivers/STM32F4xx_HAL_Driver/Src/stm32f4xx_hal_dma.o
                0x0000000020011e80                HAL_DMA_UnRegisterCallback
 .text.HAL_DMA_GetState
                0x0000000020011f54       0x1c Drivers/STM32F4xx_HAL_Driver/Src/stm32f4xx_hal_dma.o
                0x0000000020011f54                HAL_DMA_GetState
 .text.HAL_DMA_GetError
                0x0000000020011f70       0x18 Drivers/STM32F4xx_HAL_Driver/Src/stm32f4xx_hal_dma.o
                0x0000000020011f70                HAL_DMA_GetError
 .text.DMA_SetConfig
                0x0000000020011f88       0x5c Drivers/STM32F4xx_HAL_Driver/Src/stm32f4xx_hal_dma.o
 .text.DMA_CalcBaseAndBitshift
                0x0000000020011fe4       0x6c Drivers/STM32F4xx_HAL_Driver/Src/stm32f4xx_hal_dma.o
 .text.DMA_CheckFifoParam
                0x0000000020012050       0xf4 Drivers/STM32F4xx_HAL_Driver/Src/stm32f4xx_hal_dma.o
 .text.HAL_DMAEx_MultiBufferStart
                0x0000000020012144       0x96 Drivers/STM32F4xx_HAL_Driver/Src/stm32f4xx_hal_dma_ex.o
                0x0000000020012144                HAL_DMAEx_MultiBufferStart
 *fill*         0x00000000200121da        0x2 
 .text.HAL_DMAEx_MultiBufferStart_IT
                0x00000000200121dc     0x1290 Drivers/STM32F4xx_HAL_Driver/Src/stm32f4xx_hal_dma_ex.o
                0x00000000200121dc                HAL_DMAEx_MultiBufferStart_IT
 .text.HAL_DMAEx_ChangeMemory
                0x000000002001346c       0x34 Drivers/STM32F4xx_HAL_Driver/Src/stm32f4xx_hal_dma_ex.o
                0x000000002001346c                HAL_DMAEx_ChangeMemory
 .text.DMA_MultiBufferSetConfig
                0x00000000200134a0       0x4c Drivers/STM32F4xx_HAL_Driver/Src/stm32f4xx_hal_dma_ex.o
 .text.HAL_EXTI_SetConfigLine
                0x00000000200134ec      0x150 Drivers/STM32F4xx_HAL_Driver/Src/stm32f4xx_hal_exti.o
                0x00000000200134ec                HAL_EXTI_SetConfigLine
 .text.HAL_EXTI_GetConfigLine
                0x000000002001363c      0x104 Drivers/STM32F4xx_HAL_Driver/Src/stm32f4xx_hal_exti.o
                0x000000002001363c                HAL_EXTI_GetConfigLine
 .text.HAL_EXTI_ClearConfigLine
                0x0000000020013740       0xc0 Drivers/STM32F4xx_HAL_Driver/Src/stm32f4xx_hal_exti.o
                0x0000000020013740                HAL_EXTI_ClearConfigLine
 .text.HAL_EXTI_RegisterCallback
                0x0000000020013800       0x34 Drivers/STM32F4xx_HAL_Driver/Src/stm32f4xx_hal_exti.o
                0x0000000020013800                HAL_EXTI_RegisterCallback
 .text.HAL_EXTI_GetHandle
                0x0000000020013834       0x28 Drivers/STM32F4xx_HAL_Driver/Src/stm32f4xx_hal_exti.o
                0x0000000020013834                HAL_EXTI_GetHandle
 .text.HAL_EXTI_IRQHandler
                0x000000002001385c       0x48 Drivers/STM32F4xx_HAL_Driver/Src/stm32f4xx_hal_exti.o
                0x000000002001385c                HAL_EXTI_IRQHandler
 .text.HAL_EXTI_GetPending
                0x00000000200138a4       0x40 Drivers/STM32F4xx_HAL_Driver/Src/stm32f4xx_hal_exti.o
                0x00000000200138a4                HAL_EXTI_GetPending
 .text.HAL_EXTI_ClearPending
                0x00000000200138e4       0x30 Drivers/STM32F4xx_HAL_Driver/Src/stm32f4xx_hal_exti.o
                0x00000000200138e4                HAL_EXTI_ClearPending
 .text.HAL_EXTI_GenerateSWI
                0x0000000020013914       0x30 Drivers/STM32F4xx_HAL_Driver/Src/stm32f4xx_hal_exti.o
                0x0000000020013914                HAL_EXTI_GenerateSWI
 .text.HAL_FLASH_Program
                0x0000000020013944       0xa8 Drivers/STM32F4xx_HAL_Driver/Src/stm32f4xx_hal_flash.o
                0x0000000020013944                HAL_FLASH_Program
 .text.HAL_FLASH_Program_IT
                0x00000000200139ec       0x9c Drivers/STM32F4xx_HAL_Driver/Src/stm32f4xx_hal_flash.o
                0x00000000200139ec                HAL_FLASH_Program_IT
 .text.HAL_FLASH_IRQHandler
                0x0000000020013a88      0x140 Drivers/STM32F4xx_HAL_Driver/Src/stm32f4xx_hal_flash.o
                0x0000000020013a88                HAL_FLASH_IRQHandler
 .text.HAL_FLASH_EndOfOperationCallback
                0x0000000020013bc8       0x14 Drivers/STM32F4xx_HAL_Driver/Src/stm32f4xx_hal_flash.o
                0x0000000020013bc8                HAL_FLASH_EndOfOperationCallback
 .text.HAL_FLASH_OperationErrorCallback
                0x0000000020013bdc       0x14 Drivers/STM32F4xx_HAL_Driver/Src/stm32f4xx_hal_flash.o
                0x0000000020013bdc                HAL_FLASH_OperationErrorCallback
 .text.HAL_FLASH_Unlock
                0x0000000020013bf0       0x44 Drivers/STM32F4xx_HAL_Driver/Src/stm32f4xx_hal_flash.o
                0x0000000020013bf0                HAL_FLASH_Unlock
 .text.HAL_FLASH_Lock
                0x0000000020013c34       0x20 Drivers/STM32F4xx_HAL_Driver/Src/stm32f4xx_hal_flash.o
                0x0000000020013c34                HAL_FLASH_Lock
 .text.HAL_FLASH_OB_Unlock
                0x0000000020013c54       0x38 Drivers/STM32F4xx_HAL_Driver/Src/stm32f4xx_hal_flash.o
                0x0000000020013c54                HAL_FLASH_OB_Unlock
 .text.HAL_FLASH_OB_Lock
                0x0000000020013c8c       0x20 Drivers/STM32F4xx_HAL_Driver/Src/stm32f4xx_hal_flash.o
                0x0000000020013c8c                HAL_FLASH_OB_Lock
 .text.HAL_FLASH_OB_Launch
                0x0000000020013cac       0x28 Drivers/STM32F4xx_HAL_Driver/Src/stm32f4xx_hal_flash.o
                0x0000000020013cac                HAL_FLASH_OB_Launch
 .text.HAL_FLASH_GetError
                0x0000000020013cd4       0x18 Drivers/STM32F4xx_HAL_Driver/Src/stm32f4xx_hal_flash.o
                0x0000000020013cd4                HAL_FLASH_GetError
 .text.FLASH_WaitForLastOperation
                0x0000000020013cec       0x80 Drivers/STM32F4xx_HAL_Driver/Src/stm32f4xx_hal_flash.o
                0x0000000020013cec                FLASH_WaitForLastOperation
 .text.FLASH_Program_DoubleWord
                0x0000000020013d6c       0x60 Drivers/STM32F4xx_HAL_Driver/Src/stm32f4xx_hal_flash.o
 .text.FLASH_Program_Word
                0x0000000020013dcc       0x44 Drivers/STM32F4xx_HAL_Driver/Src/stm32f4xx_hal_flash.o
 .text.FLASH_Program_HalfWord
                0x0000000020013e10       0x48 Drivers/STM32F4xx_HAL_Driver/Src/stm32f4xx_hal_flash.o
 .text.FLASH_Program_Byte
                0x0000000020013e58       0x44 Drivers/STM32F4xx_HAL_Driver/Src/stm32f4xx_hal_flash.o
 .text.FLASH_SetErrorCode
                0x0000000020013e9c       0xcc Drivers/STM32F4xx_HAL_Driver/Src/stm32f4xx_hal_flash.o
 .text.HAL_FLASHEx_Erase
                0x0000000020013f68       0xe0 Drivers/STM32F4xx_HAL_Driver/Src/stm32f4xx_hal_flash_ex.o
                0x0000000020013f68                HAL_FLASHEx_Erase
 .text.HAL_FLASHEx_Erase_IT
                0x0000000020014048       0xac Drivers/STM32F4xx_HAL_Driver/Src/stm32f4xx_hal_flash_ex.o
                0x0000000020014048                HAL_FLASHEx_Erase_IT
 .text.HAL_FLASHEx_OBProgram
                0x00000000200140f4       0xdc Drivers/STM32F4xx_HAL_Driver/Src/stm32f4xx_hal_flash_ex.o
                0x00000000200140f4                HAL_FLASHEx_OBProgram
 .text.HAL_FLASHEx_OBGetConfig
                0x00000000200141d0       0x46 Drivers/STM32F4xx_HAL_Driver/Src/stm32f4xx_hal_flash_ex.o
                0x00000000200141d0                HAL_FLASHEx_OBGetConfig
 .text.HAL_FLASHEx_AdvOBProgram
                0x0000000020014216       0x48 Drivers/STM32F4xx_HAL_Driver/Src/stm32f4xx_hal_flash_ex.o
                0x0000000020014216                HAL_FLASHEx_AdvOBProgram
 *fill*         0x000000002001425e        0x2 
 .text.HAL_FLASHEx_AdvOBGetConfig
                0x0000000020014260       0x24 Drivers/STM32F4xx_HAL_Driver/Src/stm32f4xx_hal_flash_ex.o
                0x0000000020014260                HAL_FLASHEx_AdvOBGetConfig
 .text.HAL_FLASHEx_OB_SelectPCROP
                0x0000000020014284       0x34 Drivers/STM32F4xx_HAL_Driver/Src/stm32f4xx_hal_flash_ex.o
                0x0000000020014284                HAL_FLASHEx_OB_SelectPCROP
 .text.HAL_FLASHEx_OB_DeSelectPCROP
                0x00000000200142b8       0x30 Drivers/STM32F4xx_HAL_Driver/Src/stm32f4xx_hal_flash_ex.o
                0x00000000200142b8                HAL_FLASHEx_OB_DeSelectPCROP
 .text.FLASH_MassErase
                0x00000000200142e8       0x48 Drivers/STM32F4xx_HAL_Driver/Src/stm32f4xx_hal_flash_ex.o
 .text.FLASH_Erase_Sector
                0x0000000020014330       0x90 Drivers/STM32F4xx_HAL_Driver/Src/stm32f4xx_hal_flash_ex.o
                0x0000000020014330                FLASH_Erase_Sector
 .text.FLASH_OB_EnableWRP
                0x00000000200143c0       0x44 Drivers/STM32F4xx_HAL_Driver/Src/stm32f4xx_hal_flash_ex.o
 .text.FLASH_OB_DisableWRP
                0x0000000020014404       0x40 Drivers/STM32F4xx_HAL_Driver/Src/stm32f4xx_hal_flash_ex.o
 .text.FLASH_OB_EnablePCROP
                0x0000000020014444       0x40 Drivers/STM32F4xx_HAL_Driver/Src/stm32f4xx_hal_flash_ex.o
 .text.FLASH_OB_DisablePCROP
                0x0000000020014484       0x44 Drivers/STM32F4xx_HAL_Driver/Src/stm32f4xx_hal_flash_ex.o
 .text.FLASH_OB_RDP_LevelConfig
                0x00000000200144c8       0x34 Drivers/STM32F4xx_HAL_Driver/Src/stm32f4xx_hal_flash_ex.o
 .text.FLASH_OB_UserConfig
                0x00000000200144fc       0x60 Drivers/STM32F4xx_HAL_Driver/Src/stm32f4xx_hal_flash_ex.o
 .text.FLASH_OB_BOR_LevelConfig
                0x000000002001455c       0x3c Drivers/STM32F4xx_HAL_Driver/Src/stm32f4xx_hal_flash_ex.o
 .text.FLASH_OB_GetUser
                0x0000000020014598       0x20 Drivers/STM32F4xx_HAL_Driver/Src/stm32f4xx_hal_flash_ex.o
 .text.FLASH_OB_GetWRP
                0x00000000200145b8       0x18 Drivers/STM32F4xx_HAL_Driver/Src/stm32f4xx_hal_flash_ex.o
 .text.FLASH_OB_GetRDP
                0x00000000200145d0       0x40 Drivers/STM32F4xx_HAL_Driver/Src/stm32f4xx_hal_flash_ex.o
 .text.FLASH_OB_GetBOR
                0x0000000020014610       0x20 Drivers/STM32F4xx_HAL_Driver/Src/stm32f4xx_hal_flash_ex.o
 .text.FLASH_FlushCaches
                0x0000000020014630       0x8c Drivers/STM32F4xx_HAL_Driver/Src/stm32f4xx_hal_flash_ex.o
                0x0000000020014630                FLASH_FlushCaches
 .text.HAL_GPIO_Init
                0x00000000200146bc      0x324 Drivers/STM32F4xx_HAL_Driver/Src/stm32f4xx_hal_gpio.o
                0x00000000200146bc                HAL_GPIO_Init
 .text.HAL_GPIO_DeInit
                0x00000000200149e0      0x1e4 Drivers/STM32F4xx_HAL_Driver/Src/stm32f4xx_hal_gpio.o
                0x00000000200149e0                HAL_GPIO_DeInit
 .text.HAL_GPIO_ReadPin
                0x0000000020014bc4       0x30 Drivers/STM32F4xx_HAL_Driver/Src/stm32f4xx_hal_gpio.o
                0x0000000020014bc4                HAL_GPIO_ReadPin
 .text.HAL_GPIO_WritePin
                0x0000000020014bf4       0x32 Drivers/STM32F4xx_HAL_Driver/Src/stm32f4xx_hal_gpio.o
                0x0000000020014bf4                HAL_GPIO_WritePin
 .text.HAL_GPIO_TogglePin
                0x0000000020014c26       0x36 Drivers/STM32F4xx_HAL_Driver/Src/stm32f4xx_hal_gpio.o
                0x0000000020014c26                HAL_GPIO_TogglePin
 .text.HAL_GPIO_LockPin
                0x0000000020014c5c       0x50 Drivers/STM32F4xx_HAL_Driver/Src/stm32f4xx_hal_gpio.o
                0x0000000020014c5c                HAL_GPIO_LockPin
 .text.HAL_GPIO_EXTI_IRQHandler
                0x0000000020014cac       0x30 Drivers/STM32F4xx_HAL_Driver/Src/stm32f4xx_hal_gpio.o
                0x0000000020014cac                HAL_GPIO_EXTI_IRQHandler
 .text.HAL_GPIO_EXTI_Callback
                0x0000000020014cdc       0x16 Drivers/STM32F4xx_HAL_Driver/Src/stm32f4xx_hal_gpio.o
                0x0000000020014cdc                HAL_GPIO_EXTI_Callback
 *fill*         0x0000000020014cf2        0x2 
 .text.HAL_PWR_DeInit
                0x0000000020014cf4       0x2c Drivers/STM32F4xx_HAL_Driver/Src/stm32f4xx_hal_pwr.o
                0x0000000020014cf4                HAL_PWR_DeInit
 .text.HAL_PWR_EnableBkUpAccess
                0x0000000020014d20       0x18 Drivers/STM32F4xx_HAL_Driver/Src/stm32f4xx_hal_pwr.o
                0x0000000020014d20                HAL_PWR_EnableBkUpAccess
 .text.HAL_PWR_DisableBkUpAccess
                0x0000000020014d38       0x18 Drivers/STM32F4xx_HAL_Driver/Src/stm32f4xx_hal_pwr.o
                0x0000000020014d38                HAL_PWR_DisableBkUpAccess
 .text.HAL_PWR_ConfigPVD
                0x0000000020014d50       0xc0 Drivers/STM32F4xx_HAL_Driver/Src/stm32f4xx_hal_pwr.o
                0x0000000020014d50                HAL_PWR_ConfigPVD
 .text.HAL_PWR_EnablePVD
                0x0000000020014e10       0x18 Drivers/STM32F4xx_HAL_Driver/Src/stm32f4xx_hal_pwr.o
                0x0000000020014e10                HAL_PWR_EnablePVD
 .text.HAL_PWR_DisablePVD
                0x0000000020014e28       0x18 Drivers/STM32F4xx_HAL_Driver/Src/stm32f4xx_hal_pwr.o
                0x0000000020014e28                HAL_PWR_DisablePVD
 .text.HAL_PWR_EnableWakeUpPin
                0x0000000020014e40       0x24 Drivers/STM32F4xx_HAL_Driver/Src/stm32f4xx_hal_pwr.o
                0x0000000020014e40                HAL_PWR_EnableWakeUpPin
 .text.HAL_PWR_DisableWakeUpPin
                0x0000000020014e64       0x28 Drivers/STM32F4xx_HAL_Driver/Src/stm32f4xx_hal_pwr.o
                0x0000000020014e64                HAL_PWR_DisableWakeUpPin
 .text.HAL_PWR_EnterSLEEPMode
                0x0000000020014e8c       0x38 Drivers/STM32F4xx_HAL_Driver/Src/stm32f4xx_hal_pwr.o
                0x0000000020014e8c                HAL_PWR_EnterSLEEPMode
 .text.HAL_PWR_EnterSTOPMode
                0x0000000020014ec4       0x58 Drivers/STM32F4xx_HAL_Driver/Src/stm32f4xx_hal_pwr.o
                0x0000000020014ec4                HAL_PWR_EnterSTOPMode
 .text.HAL_PWR_EnterSTANDBYMode
                0x0000000020014f1c       0x30 Drivers/STM32F4xx_HAL_Driver/Src/stm32f4xx_hal_pwr.o
                0x0000000020014f1c                HAL_PWR_EnterSTANDBYMode
 .text.HAL_PWR_PVD_IRQHandler
                0x0000000020014f4c       0x24 Drivers/STM32F4xx_HAL_Driver/Src/stm32f4xx_hal_pwr.o
                0x0000000020014f4c                HAL_PWR_PVD_IRQHandler
 .text.HAL_PWR_PVDCallback
                0x0000000020014f70        0xe Drivers/STM32F4xx_HAL_Driver/Src/stm32f4xx_hal_pwr.o
                0x0000000020014f70                HAL_PWR_PVDCallback
 *fill*         0x0000000020014f7e        0x2 
 .text.HAL_PWR_EnableSleepOnExit
                0x0000000020014f80       0x20 Drivers/STM32F4xx_HAL_Driver/Src/stm32f4xx_hal_pwr.o
                0x0000000020014f80                HAL_PWR_EnableSleepOnExit
 .text.HAL_PWR_DisableSleepOnExit
                0x0000000020014fa0       0x20 Drivers/STM32F4xx_HAL_Driver/Src/stm32f4xx_hal_pwr.o
                0x0000000020014fa0                HAL_PWR_DisableSleepOnExit
 .text.HAL_PWR_EnableSEVOnPend
                0x0000000020014fc0       0x20 Drivers/STM32F4xx_HAL_Driver/Src/stm32f4xx_hal_pwr.o
                0x0000000020014fc0                HAL_PWR_EnableSEVOnPend
 .text.HAL_PWR_DisableSEVOnPend
                0x0000000020014fe0       0x20 Drivers/STM32F4xx_HAL_Driver/Src/stm32f4xx_hal_pwr.o
                0x0000000020014fe0                HAL_PWR_DisableSEVOnPend
 .text.HAL_PWREx_EnableBkUpReg
                0x0000000020015000       0x4c Drivers/STM32F4xx_HAL_Driver/Src/stm32f4xx_hal_pwr_ex.o
                0x0000000020015000                HAL_PWREx_EnableBkUpReg
 .text.HAL_PWREx_DisableBkUpReg
                0x000000002001504c       0x4c Drivers/STM32F4xx_HAL_Driver/Src/stm32f4xx_hal_pwr_ex.o
                0x000000002001504c                HAL_PWREx_DisableBkUpReg
 .text.HAL_PWREx_EnableFlashPowerDown
                0x0000000020015098       0x18 Drivers/STM32F4xx_HAL_Driver/Src/stm32f4xx_hal_pwr_ex.o
                0x0000000020015098                HAL_PWREx_EnableFlashPowerDown
 .text.HAL_PWREx_DisableFlashPowerDown
                0x00000000200150b0       0x18 Drivers/STM32F4xx_HAL_Driver/Src/stm32f4xx_hal_pwr_ex.o
                0x00000000200150b0                HAL_PWREx_DisableFlashPowerDown
 .text.HAL_PWREx_GetVoltageRange
                0x00000000200150c8       0x1c Drivers/STM32F4xx_HAL_Driver/Src/stm32f4xx_hal_pwr_ex.o
                0x00000000200150c8                HAL_PWREx_GetVoltageRange
 .text.HAL_PWREx_ControlVoltageScaling
                0x00000000200150e4       0xf4 Drivers/STM32F4xx_HAL_Driver/Src/stm32f4xx_hal_pwr_ex.o
                0x00000000200150e4                HAL_PWREx_ControlVoltageScaling
 .text.HAL_PWREx_EnableOverDrive
                0x00000000200151d8       0xa0 Drivers/STM32F4xx_HAL_Driver/Src/stm32f4xx_hal_pwr_ex.o
                0x00000000200151d8                HAL_PWREx_EnableOverDrive
 .text.HAL_PWREx_DisableOverDrive
                0x0000000020015278       0xa0 Drivers/STM32F4xx_HAL_Driver/Src/stm32f4xx_hal_pwr_ex.o
                0x0000000020015278                HAL_PWREx_DisableOverDrive
 .text.HAL_PWREx_EnterUnderDriveSTOPMode
                0x0000000020015318       0xa4 Drivers/STM32F4xx_HAL_Driver/Src/stm32f4xx_hal_pwr_ex.o
                0x0000000020015318                HAL_PWREx_EnterUnderDriveSTOPMode
 .text.HAL_RCC_DeInit
                0x00000000200153bc       0x10 Drivers/STM32F4xx_HAL_Driver/Src/stm32f4xx_hal_rcc.o
 .text.HAL_RCC_OscConfig
                0x00000000200153cc      0x4e0 Drivers/STM32F4xx_HAL_Driver/Src/stm32f4xx_hal_rcc.o
 .text.HAL_RCC_ClockConfig
                0x00000000200158ac      0x1cc Drivers/STM32F4xx_HAL_Driver/Src/stm32f4xx_hal_rcc.o
                0x00000000200158ac                HAL_RCC_ClockConfig
 .text.HAL_RCC_MCOConfig
                0x0000000020015a78       0xd0 Drivers/STM32F4xx_HAL_Driver/Src/stm32f4xx_hal_rcc.o
                0x0000000020015a78                HAL_RCC_MCOConfig
 .text.HAL_RCC_EnableCSS
                0x0000000020015b48       0x18 Drivers/STM32F4xx_HAL_Driver/Src/stm32f4xx_hal_rcc.o
                0x0000000020015b48                HAL_RCC_EnableCSS
 .text.HAL_RCC_DisableCSS
                0x0000000020015b60       0x18 Drivers/STM32F4xx_HAL_Driver/Src/stm32f4xx_hal_rcc.o
                0x0000000020015b60                HAL_RCC_DisableCSS
 .text.HAL_RCC_GetSysClockFreq
                0x0000000020015b78      0x1b0 Drivers/STM32F4xx_HAL_Driver/Src/stm32f4xx_hal_rcc.o
 .text.HAL_RCC_GetHCLKFreq
                0x0000000020015d28       0x18 Drivers/STM32F4xx_HAL_Driver/Src/stm32f4xx_hal_rcc.o
                0x0000000020015d28                HAL_RCC_GetHCLKFreq
 .text.HAL_RCC_GetPCLK1Freq
                0x0000000020015d40       0x28 Drivers/STM32F4xx_HAL_Driver/Src/stm32f4xx_hal_rcc.o
                0x0000000020015d40                HAL_RCC_GetPCLK1Freq
 .text.HAL_RCC_GetPCLK2Freq
                0x0000000020015d68       0x28 Drivers/STM32F4xx_HAL_Driver/Src/stm32f4xx_hal_rcc.o
                0x0000000020015d68                HAL_RCC_GetPCLK2Freq
 .text.HAL_RCC_GetOscConfig
                0x0000000020015d90      0x128 Drivers/STM32F4xx_HAL_Driver/Src/stm32f4xx_hal_rcc.o
 .text.HAL_RCC_GetClockConfig
                0x0000000020015eb8       0x64 Drivers/STM32F4xx_HAL_Driver/Src/stm32f4xx_hal_rcc.o
                0x0000000020015eb8                HAL_RCC_GetClockConfig
 .text.HAL_RCC_NMI_IRQHandler
                0x0000000020015f1c       0x28 Drivers/STM32F4xx_HAL_Driver/Src/stm32f4xx_hal_rcc.o
                0x0000000020015f1c                HAL_RCC_NMI_IRQHandler
 .text.HAL_RCC_CSSCallback
                0x0000000020015f44        0xe Drivers/STM32F4xx_HAL_Driver/Src/stm32f4xx_hal_rcc.o
                0x0000000020015f44                HAL_RCC_CSSCallback
 *fill*         0x0000000020015f52        0x2 
 .text.HAL_RCCEx_PeriphCLKConfig
                0x0000000020015f54      0x654 Drivers/STM32F4xx_HAL_Driver/Src/stm32f4xx_hal_rcc_ex.o
                0x0000000020015f54                HAL_RCCEx_PeriphCLKConfig
 .text.HAL_RCCEx_GetPeriphCLKConfig
                0x00000000200165a8      0x18c Drivers/STM32F4xx_HAL_Driver/Src/stm32f4xx_hal_rcc_ex.o
                0x00000000200165a8                HAL_RCCEx_GetPeriphCLKConfig
 .text.HAL_RCCEx_GetPeriphCLKFreq
                0x0000000020016734      0x43c Drivers/STM32F4xx_HAL_Driver/Src/stm32f4xx_hal_rcc_ex.o
                0x0000000020016734                HAL_RCCEx_GetPeriphCLKFreq
 .text.HAL_RCCEx_SelectLSEMode
                0x0000000020016b70       0x3c Drivers/STM32F4xx_HAL_Driver/Src/stm32f4xx_hal_rcc_ex.o
                0x0000000020016b70                HAL_RCCEx_SelectLSEMode
 .text.HAL_RCCEx_EnablePLLI2S
                0x0000000020016bac       0xa0 Drivers/STM32F4xx_HAL_Driver/Src/stm32f4xx_hal_rcc_ex.o
                0x0000000020016bac                HAL_RCCEx_EnablePLLI2S
 .text.HAL_RCCEx_DisablePLLI2S
                0x0000000020016c4c       0x44 Drivers/STM32F4xx_HAL_Driver/Src/stm32f4xx_hal_rcc_ex.o
                0x0000000020016c4c                HAL_RCCEx_DisablePLLI2S
 .text.HAL_RCCEx_EnablePLLSAI
                0x0000000020016c90       0x9c Drivers/STM32F4xx_HAL_Driver/Src/stm32f4xx_hal_rcc_ex.o
                0x0000000020016c90                HAL_RCCEx_EnablePLLSAI
 .text.HAL_RCCEx_DisablePLLSAI
                0x0000000020016d2c       0x48 Drivers/STM32F4xx_HAL_Driver/Src/stm32f4xx_hal_rcc_ex.o
                0x0000000020016d2c                HAL_RCCEx_DisablePLLSAI
 .text.HAL_RCC_GetSysClockFreq
                0x0000000020016d74      0x340 Drivers/STM32F4xx_HAL_Driver/Src/stm32f4xx_hal_rcc_ex.o
                0x0000000020016d74                HAL_RCC_GetSysClockFreq
 .text.HAL_RCC_DeInit
                0x00000000200170b4      0x1f0 Drivers/STM32F4xx_HAL_Driver/Src/stm32f4xx_hal_rcc_ex.o
                0x00000000200170b4                HAL_RCC_DeInit
 .text.HAL_RCC_OscConfig
                0x00000000200172a4      0x4b4 Drivers/STM32F4xx_HAL_Driver/Src/stm32f4xx_hal_rcc_ex.o
                0x00000000200172a4                HAL_RCC_OscConfig
 .text.HAL_RCC_GetOscConfig
                0x0000000020017758      0x138 Drivers/STM32F4xx_HAL_Driver/Src/stm32f4xx_hal_rcc_ex.o
                0x0000000020017758                HAL_RCC_GetOscConfig
 .text.HAL_SPI_Init
                0x0000000020017890       0xc8 Drivers/STM32F4xx_HAL_Driver/Src/stm32f4xx_hal_spi.o
                0x0000000020017890                HAL_SPI_Init
 .text.HAL_SPI_DeInit
                0x0000000020017958       0x50 Drivers/STM32F4xx_HAL_Driver/Src/stm32f4xx_hal_spi.o
                0x0000000020017958                HAL_SPI_DeInit
 .text.HAL_SPI_MspInit
                0x00000000200179a8       0x14 Drivers/STM32F4xx_HAL_Driver/Src/stm32f4xx_hal_spi.o
 .text.HAL_SPI_MspDeInit
                0x00000000200179bc       0x14 Drivers/STM32F4xx_HAL_Driver/Src/stm32f4xx_hal_spi.o
 .text.HAL_SPI_Transmit
                0x00000000200179d0      0x268 Drivers/STM32F4xx_HAL_Driver/Src/stm32f4xx_hal_spi.o
                0x00000000200179d0                HAL_SPI_Transmit
 .text.HAL_SPI_Receive
                0x0000000020017c38      0x212 Drivers/STM32F4xx_HAL_Driver/Src/stm32f4xx_hal_spi.o
                0x0000000020017c38                HAL_SPI_Receive
 .text.HAL_SPI_TransmitReceive
                0x0000000020017e4a      0x344 Drivers/STM32F4xx_HAL_Driver/Src/stm32f4xx_hal_spi.o
                0x0000000020017e4a                HAL_SPI_TransmitReceive
 *fill*         0x000000002001818e        0x2 
 .text.HAL_SPI_Transmit_IT
                0x0000000020018190      0x104 Drivers/STM32F4xx_HAL_Driver/Src/stm32f4xx_hal_spi.o
                0x0000000020018190                HAL_SPI_Transmit_IT
 .text.HAL_SPI_Receive_IT
                0x0000000020018294      0x12c Drivers/STM32F4xx_HAL_Driver/Src/stm32f4xx_hal_spi.o
                0x0000000020018294                HAL_SPI_Receive_IT
 .text.HAL_SPI_TransmitReceive_IT
                0x00000000200183c0      0x128 Drivers/STM32F4xx_HAL_Driver/Src/stm32f4xx_hal_spi.o
                0x00000000200183c0                HAL_SPI_TransmitReceive_IT
 .text.HAL_SPI_Transmit_DMA
                0x00000000200184e8      0x15c Drivers/STM32F4xx_HAL_Driver/Src/stm32f4xx_hal_spi.o
                0x00000000200184e8                HAL_SPI_Transmit_DMA
 .text.HAL_SPI_Receive_DMA
                0x0000000020018644      0x180 Drivers/STM32F4xx_HAL_Driver/Src/stm32f4xx_hal_spi.o
                0x0000000020018644                HAL_SPI_Receive_DMA
 .text.HAL_SPI_TransmitReceive_DMA
                0x00000000200187c4      0x204 Drivers/STM32F4xx_HAL_Driver/Src/stm32f4xx_hal_spi.o
                0x00000000200187c4                HAL_SPI_TransmitReceive_DMA
 .text.HAL_SPI_Abort
                0x00000000200189c8      0x1d8 Drivers/STM32F4xx_HAL_Driver/Src/stm32f4xx_hal_spi.o
                0x00000000200189c8                HAL_SPI_Abort
 .text.HAL_SPI_Abort_IT
                0x0000000020018ba0      0x1f4 Drivers/STM32F4xx_HAL_Driver/Src/stm32f4xx_hal_spi.o
                0x0000000020018ba0                HAL_SPI_Abort_IT
 .text.HAL_SPI_DMAPause
                0x0000000020018d94       0x44 Drivers/STM32F4xx_HAL_Driver/Src/stm32f4xx_hal_spi.o
                0x0000000020018d94                HAL_SPI_DMAPause
 .text.HAL_SPI_DMAResume
                0x0000000020018dd8       0x44 Drivers/STM32F4xx_HAL_Driver/Src/stm32f4xx_hal_spi.o
                0x0000000020018dd8                HAL_SPI_DMAResume
 .text.HAL_SPI_DMAStop
                0x0000000020018e1c       0x7e Drivers/STM32F4xx_HAL_Driver/Src/stm32f4xx_hal_spi.o
                0x0000000020018e1c                HAL_SPI_DMAStop
 *fill*         0x0000000020018e9a        0x2 
 .text.HAL_SPI_IRQHandler
                0x0000000020018e9c      0x200 Drivers/STM32F4xx_HAL_Driver/Src/stm32f4xx_hal_spi.o
                0x0000000020018e9c                HAL_SPI_IRQHandler
 .text.HAL_SPI_TxCpltCallback
                0x000000002001909c       0x14 Drivers/STM32F4xx_HAL_Driver/Src/stm32f4xx_hal_spi.o
                0x000000002001909c                HAL_SPI_TxCpltCallback
 .text.HAL_SPI_RxCpltCallback
                0x00000000200190b0       0x14 Drivers/STM32F4xx_HAL_Driver/Src/stm32f4xx_hal_spi.o
                0x00000000200190b0                HAL_SPI_RxCpltCallback
 .text.HAL_SPI_TxRxCpltCallback
                0x00000000200190c4       0x14 Drivers/STM32F4xx_HAL_Driver/Src/stm32f4xx_hal_spi.o
                0x00000000200190c4                HAL_SPI_TxRxCpltCallback
 .text.HAL_SPI_TxHalfCpltCallback
                0x00000000200190d8       0x14 Drivers/STM32F4xx_HAL_Driver/Src/stm32f4xx_hal_spi.o
                0x00000000200190d8                HAL_SPI_TxHalfCpltCallback
 .text.HAL_SPI_RxHalfCpltCallback
                0x00000000200190ec       0x14 Drivers/STM32F4xx_HAL_Driver/Src/stm32f4xx_hal_spi.o
                0x00000000200190ec                HAL_SPI_RxHalfCpltCallback
 .text.HAL_SPI_TxRxHalfCpltCallback
                0x0000000020019100       0x14 Drivers/STM32F4xx_HAL_Driver/Src/stm32f4xx_hal_spi.o
                0x0000000020019100                HAL_SPI_TxRxHalfCpltCallback
 .text.HAL_SPI_ErrorCallback
                0x0000000020019114       0x14 Drivers/STM32F4xx_HAL_Driver/Src/stm32f4xx_hal_spi.o
                0x0000000020019114                HAL_SPI_ErrorCallback
 .text.HAL_SPI_AbortCpltCallback
                0x0000000020019128       0x14 Drivers/STM32F4xx_HAL_Driver/Src/stm32f4xx_hal_spi.o
                0x0000000020019128                HAL_SPI_AbortCpltCallback
 .text.HAL_SPI_GetState
                0x000000002001913c       0x1c Drivers/STM32F4xx_HAL_Driver/Src/stm32f4xx_hal_spi.o
                0x000000002001913c                HAL_SPI_GetState
 .text.HAL_SPI_GetError
                0x0000000020019158       0x18 Drivers/STM32F4xx_HAL_Driver/Src/stm32f4xx_hal_spi.o
                0x0000000020019158                HAL_SPI_GetError
 .text.SPI_DMATransmitCplt
                0x0000000020019170       0xa8 Drivers/STM32F4xx_HAL_Driver/Src/stm32f4xx_hal_spi.o
 .text.SPI_DMAReceiveCplt
                0x0000000020019218       0xa8 Drivers/STM32F4xx_HAL_Driver/Src/stm32f4xx_hal_spi.o
 .text.SPI_DMATransmitReceiveCplt
                0x00000000200192c0       0x90 Drivers/STM32F4xx_HAL_Driver/Src/stm32f4xx_hal_spi.o
 .text.SPI_DMAHalfTransmitCplt
                0x0000000020019350       0x1c Drivers/STM32F4xx_HAL_Driver/Src/stm32f4xx_hal_spi.o
 .text.SPI_DMAHalfReceiveCplt
                0x000000002001936c       0x1c Drivers/STM32F4xx_HAL_Driver/Src/stm32f4xx_hal_spi.o
 .text.SPI_DMAHalfTransmitReceiveCplt
                0x0000000020019388       0x1c Drivers/STM32F4xx_HAL_Driver/Src/stm32f4xx_hal_spi.o
 .text.SPI_DMAError
                0x00000000200193a4       0x40 Drivers/STM32F4xx_HAL_Driver/Src/stm32f4xx_hal_spi.o
 .text.SPI_DMAAbortOnError
                0x00000000200193e4       0x28 Drivers/STM32F4xx_HAL_Driver/Src/stm32f4xx_hal_spi.o
 .text.SPI_DMATxAbortCallback
                0x000000002001940c       0xd4 Drivers/STM32F4xx_HAL_Driver/Src/stm32f4xx_hal_spi.o
 .text.SPI_DMARxAbortCallback
                0x00000000200194e0       0xc0 Drivers/STM32F4xx_HAL_Driver/Src/stm32f4xx_hal_spi.o
 .text.SPI_2linesRxISR_8BIT
                0x00000000200195a0       0x64 Drivers/STM32F4xx_HAL_Driver/Src/stm32f4xx_hal_spi.o
 .text.SPI_2linesTxISR_8BIT
                0x0000000020019604       0x60 Drivers/STM32F4xx_HAL_Driver/Src/stm32f4xx_hal_spi.o
 .text.SPI_2linesRxISR_16BIT
                0x0000000020019664       0x60 Drivers/STM32F4xx_HAL_Driver/Src/stm32f4xx_hal_spi.o
 .text.SPI_2linesTxISR_16BIT
                0x00000000200196c4       0x5e Drivers/STM32F4xx_HAL_Driver/Src/stm32f4xx_hal_spi.o
 .text.SPI_RxISR_8BIT
                0x0000000020019722       0x4a Drivers/STM32F4xx_HAL_Driver/Src/stm32f4xx_hal_spi.o
 .text.SPI_RxISR_16BIT
                0x000000002001976c       0x46 Drivers/STM32F4xx_HAL_Driver/Src/stm32f4xx_hal_spi.o
 .text.SPI_TxISR_8BIT
                0x00000000200197b2       0x46 Drivers/STM32F4xx_HAL_Driver/Src/stm32f4xx_hal_spi.o
 .text.SPI_TxISR_16BIT
                0x00000000200197f8       0x44 Drivers/STM32F4xx_HAL_Driver/Src/stm32f4xx_hal_spi.o
 .text.SPI_WaitFlagStateUntilTimeout
                0x000000002001983c       0xd4 Drivers/STM32F4xx_HAL_Driver/Src/stm32f4xx_hal_spi.o
 .text.SPI_EndRxTransaction
                0x0000000020019910       0xca Drivers/STM32F4xx_HAL_Driver/Src/stm32f4xx_hal_spi.o
 *fill*         0x00000000200199da        0x2 
 .text.SPI_EndRxTxTransaction
                0x00000000200199dc       0x84 Drivers/STM32F4xx_HAL_Driver/Src/stm32f4xx_hal_spi.o
 .text.SPI_CloseRxTx_ISR
                0x0000000020019a60       0xe8 Drivers/STM32F4xx_HAL_Driver/Src/stm32f4xx_hal_spi.o
 .text.SPI_CloseRx_ISR
                0x0000000020019b48       0x7e Drivers/STM32F4xx_HAL_Driver/Src/stm32f4xx_hal_spi.o
 *fill*         0x0000000020019bc6        0x2 
 .text.SPI_CloseTx_ISR
                0x0000000020019bc8       0xc4 Drivers/STM32F4xx_HAL_Driver/Src/stm32f4xx_hal_spi.o
 .text.SPI_AbortRx_ISR
                0x0000000020019c8c       0x88 Drivers/STM32F4xx_HAL_Driver/Src/stm32f4xx_hal_spi.o
 .text.SPI_AbortTx_ISR
                0x0000000020019d14       0x3c Drivers/STM32F4xx_HAL_Driver/Src/stm32f4xx_hal_spi.o
 .text.__errno  0x0000000020019d50        0xc /opt/stm32cubeide/plugins/com.st.stm32cube.ide.mcu.externaltools.gnu-tools-for-stm32.7-2018-q2-update.linux64_1.5.0.202011040924/tools/bin/../lib/gcc/arm-none-eabi/7.3.1/../../../../arm-none-eabi/lib/thumb/v7e-m/fpv4-sp/hard/libc_nano.a(lib_a-errno.o)
                0x0000000020019d50                __errno
 .text.exit     0x0000000020019d5c       0x28 /opt/stm32cubeide/plugins/com.st.stm32cube.ide.mcu.externaltools.gnu-tools-for-stm32.7-2018-q2-update.linux64_1.5.0.202011040924/tools/bin/../lib/gcc/arm-none-eabi/7.3.1/../../../../arm-none-eabi/lib/thumb/v7e-m/fpv4-sp/hard/libc_nano.a(lib_a-exit.o)
                0x0000000020019d5c                exit
 .text.__libc_init_array
                0x0000000020019d84       0x48 /opt/stm32cubeide/plugins/com.st.stm32cube.ide.mcu.externaltools.gnu-tools-for-stm32.7-2018-q2-update.linux64_1.5.0.202011040924/tools/bin/../lib/gcc/arm-none-eabi/7.3.1/../../../../arm-none-eabi/lib/thumb/v7e-m/fpv4-sp/hard/libc_nano.a(lib_a-init.o)
                0x0000000020019d84                __libc_init_array
 .text.memset   0x0000000020019dcc       0x10 /opt/stm32cubeide/plugins/com.st.stm32cube.ide.mcu.externaltools.gnu-tools-for-stm32.7-2018-q2-update.linux64_1.5.0.202011040924/tools/bin/../lib/gcc/arm-none-eabi/7.3.1/../../../../arm-none-eabi/lib/thumb/v7e-m/fpv4-sp/hard/libc_nano.a(lib_a-memset.o)
                0x0000000020019dcc                memset
 *(.glue_7)
 .glue_7        0x0000000020019ddc        0x0 linker stubs
 *(.glue_7t)
 .glue_7t       0x0000000020019ddc        0x0 linker stubs
 *(.eh_frame)
 .eh_frame      0x0000000020019ddc        0x0 /opt/stm32cubeide/plugins/com.st.stm32cube.ide.mcu.externaltools.gnu-tools-for-stm32.7-2018-q2-update.linux64_1.5.0.202011040924/tools/bin/../lib/gcc/arm-none-eabi/7.3.1/thumb/v7e-m/fpv4-sp/hard/crtbegin.o
 .eh_frame      0x0000000020019ddc        0x4 /opt/stm32cubeide/plugins/com.st.stm32cube.ide.mcu.externaltools.gnu-tools-for-stm32.7-2018-q2-update.linux64_1.5.0.202011040924/tools/bin/../lib/gcc/arm-none-eabi/7.3.1/thumb/v7e-m/fpv4-sp/hard/crtend.o
 *(.init)
 .init          0x0000000020019de0        0x4 /opt/stm32cubeide/plugins/com.st.stm32cube.ide.mcu.externaltools.gnu-tools-for-stm32.7-2018-q2-update.linux64_1.5.0.202011040924/tools/bin/../lib/gcc/arm-none-eabi/7.3.1/thumb/v7e-m/fpv4-sp/hard/crti.o
                0x0000000020019de0                _init
 .init          0x0000000020019de4        0x8 /opt/stm32cubeide/plugins/com.st.stm32cube.ide.mcu.externaltools.gnu-tools-for-stm32.7-2018-q2-update.linux64_1.5.0.202011040924/tools/bin/../lib/gcc/arm-none-eabi/7.3.1/thumb/v7e-m/fpv4-sp/hard/crtn.o
 *(.fini)
 .fini          0x0000000020019dec        0x4 /opt/stm32cubeide/plugins/com.st.stm32cube.ide.mcu.externaltools.gnu-tools-for-stm32.7-2018-q2-update.linux64_1.5.0.202011040924/tools/bin/../lib/gcc/arm-none-eabi/7.3.1/thumb/v7e-m/fpv4-sp/hard/crti.o
                0x0000000020019dec                _fini
 .fini          0x0000000020019df0        0x8 /opt/stm32cubeide/plugins/com.st.stm32cube.ide.mcu.externaltools.gnu-tools-for-stm32.7-2018-q2-update.linux64_1.5.0.202011040924/tools/bin/../lib/gcc/arm-none-eabi/7.3.1/thumb/v7e-m/fpv4-sp/hard/crtn.o
                0x0000000020019df8                . = ALIGN (0x4)
                0x0000000020019df8                _etext = .

.vfp11_veneer   0x0000000020019df8        0x0
 .vfp11_veneer  0x0000000020019df8        0x0 linker stubs

.v4_bx          0x0000000020019df8        0x0
 .v4_bx         0x0000000020019df8        0x0 linker stubs

.iplt           0x0000000020019df8        0x0
 .iplt          0x0000000020019df8        0x0 /opt/stm32cubeide/plugins/com.st.stm32cube.ide.mcu.externaltools.gnu-tools-for-stm32.7-2018-q2-update.linux64_1.5.0.202011040924/tools/bin/../lib/gcc/arm-none-eabi/7.3.1/thumb/v7e-m/fpv4-sp/hard/crtbegin.o

.RamFunc        0x0000000020019df8      0x110
 .RamFunc       0x0000000020019df8      0x110 Drivers/STM32F4xx_HAL_Driver/Src/stm32f4xx_hal_flash_ramfunc.o
                0x0000000020019df8                HAL_FLASHEx_StopFlashInterfaceClk
                0x0000000020019e3c                HAL_FLASHEx_StartFlashInterfaceClk
                0x0000000020019e80                HAL_FLASHEx_EnableFlashSleepMode
                0x0000000020019ec4                HAL_FLASHEx_DisableFlashSleepMode

.Dev_info       0x0000000020019f08       0xc8
 *Dev_Inf.o(.rodata*)
 .rodata.StorageInfo
                0x0000000020019f08       0xc8 Core/Src/Dev_Inf.o
                0x0000000020019f08                StorageInfo

.rodata         0x0000000020019fd0       0x24
                0x0000000020019fd0                . = ALIGN (0x4)
 *(.rodata)
 *(.rodata*)
 .rodata.AHBPrescTable
                0x0000000020019fd0       0x10 Core/Src/system_stm32f4xx.o
                0x0000000020019fd0                AHBPrescTable
 .rodata.APBPrescTable
                0x0000000020019fe0        0x8 Core/Src/system_stm32f4xx.o
                0x0000000020019fe0                APBPrescTable
 .rodata.flagBitshiftOffset.7676
                0x0000000020019fe8        0x8 Drivers/STM32F4xx_HAL_Driver/Src/stm32f4xx_hal_dma.o
 .rodata._global_impure_ptr
                0x0000000020019ff0        0x4 /opt/stm32cubeide/plugins/com.st.stm32cube.ide.mcu.externaltools.gnu-tools-for-stm32.7-2018-q2-update.linux64_1.5.0.202011040924/tools/bin/../lib/gcc/arm-none-eabi/7.3.1/../../../../arm-none-eabi/lib/thumb/v7e-m/fpv4-sp/hard/libc_nano.a(lib_a-impure.o)
                0x0000000020019ff0                _global_impure_ptr
                0x0000000020019ff4                . = ALIGN (0x4)

.rel.dyn        0x0000000020019ff4        0x0
 .rel.iplt      0x0000000020019ff4        0x0 /opt/stm32cubeide/plugins/com.st.stm32cube.ide.mcu.externaltools.gnu-tools-for-stm32.7-2018-q2-update.linux64_1.5.0.202011040924/tools/bin/../lib/gcc/arm-none-eabi/7.3.1/thumb/v7e-m/fpv4-sp/hard/crtbegin.o

._user_heap_stack
                0x0000000020019ff4      0x600
                0x0000000020019ff4                . = ALIGN (0x4)
                [!provide]                        PROVIDE (end = .)
                0x0000000020019ff4                PROVIDE (_end = .)
                0x000000002001a1f4                . = (. + _Min_Heap_Size)